<html>
<body>
<pre>
<h1>礦ision Build Log</h1>
<h2>Tool Versions:</h2>
IDE-Version: μVision V5.14.2
Copyright (C) 2015 ARM Ltd and ARM Germany GmbH. All rights reserved.
License Information: Cortex-M3, person, LIC=NQQNN-Y12A0-QDZKD-8FINW-GS940-7WYNZ
 
Tool Versions:
Toolchain:       MDK-ARM Standard  Version: 5.14.0.0
Toolchain Path:  d:\Keil_v5\ARM\ARMCC\Bin
C Compiler:      Armcc.exe V5.05 update 1 (build 106)
Assembler:       Armasm.exe V5.05 update 1 (build 106)
Linker/Locator:  ArmLink.exe V5.05 update 1 (build 106)
Library Manager: ArmAr.exe V5.05 update 1 (build 106)
Hex Converter:   FromElf.exe V5.05 update 1 (build 106)
CPU DLL:         SARMCM3.DLL V5.14.0.0
Dialog DLL:      DCM.DLL V1.13.1.0
Target DLL:      Segger\JL2CM3.dll V2.99.13.0
Dialog DLL:      TCM.DLL V1.14.4.0
 
<h2>Project:</h2>
E:\GitHub\HT-Hawk\Project\MDK-ARM(uV4)\project.uvproj
Project File Date:  06/14/2015

<h2>Output:</h2>
*** Using Compiler 'V5.05 update 1 (build 106)', folder: 'd:\Keil_v5\ARM\ARMCC\Bin'
Build target 'Flash'
compiling system_stm32f10x.c...
compiling core_cm3.c...
assembling startup_stm32f10x_hd.s...
compiling stm32f10x_rcc.c...
compiling misc.c...
compiling stm32f10x_usart.c...
compiling stm32f10x_gpio.c...
compiling stm32f10x_fsmc.c...
compiling stm32f10x_spi.c...
compiling stm32f10x_tim.c...
compiling stm32f10x_adc.c...
compiling stm32f10x_dma.c...
compiling stm32f10x_flash.c...
compiling stm32f10x_i2c.c...
compiling otgd_fs_dev.c...
compiling otgd_fs_int.c...
compiling otgd_fs_pcd.c...
compiling usb_core.c...
compiling usb_init.c...
compiling usb_int.c...
compiling usb_mem.c...
compiling usb_regs.c...
compiling usb_sil.c...
compiling otgd_fs_cal.c...
compiling usb_desc.c...
compiling usb_endp.c...
compiling usb_hw.c...
compiling usb_istr.c...
compiling usb_prop.c...
compiling usb_pwr.c...
compiling led.c...
compiling Spi.c...
compiling I2C.c...
compiling adc.c...
compiling time.c...
compiling moto.c...
compiling usart.c...
compiling delay.c...
compiling eeprom.c...
compiling pwm_in.c...
compiling hard_i2c.c...
..\..\User\Driver\IIC\hard_i2c.c(125): warning:  #188-D: enumerated type mixed with another type
      return !error;
..\..\User\Driver\IIC\hard_i2c.c(169): warning:  #188-D: enumerated type mixed with another type
      return !error;
..\..\User\Driver\IIC\hard_i2c.c: 2 warnings, 0 errors
compiling oled.c...
compiling mpu6050.c...
compiling hmc5883.c...
compiling NRF24L01.c...
compiling Algorithm_filter.c...
compiling Algorithm_math.c...
compiling Algorithm_sqLite.c...
compiling Algorithm_quaternion.c...
compiling MultiRotor_rc.c...
compiling MultiRotor_app.c...
compiling MultiRotor_ahrs.c...
compiling MultiRotor_radio.c...
compiling MultiRotor_control.c...
compiling main.c...
compiling stm32f10x_it.c...
linking...
Program Size: Code=37312 RO-data=3528 RW-data=908 ZI-data=13228  
FromELF: creating hex file...
After Build - User command #1: CopyHex_Flash.bat
E:\GitHub\HT-Hawk\Project\MDK-ARM(uV4)>copy Flash\Obj\output.hex Flash\output.hex 
已复制         1 个文件。
".\Flash\Obj\output.axf" - 0 Error(s), 2 Warning(s).
</pre>
</body>
</html>
