Component: ARM Compiler 5.05 update 1 (build 106) Tool: armlink [4d0efa]

==============================================================================

Section Cross References

    system_stm32f10x.o(i.SetSysClock) refers to system_stm32f10x.o(i.SetSysClockTo72) for SetSysClockTo72
    system_stm32f10x.o(i.SystemCoreClockUpdate) refers to system_stm32f10x.o(.data) for SystemCoreClock
    system_stm32f10x.o(i.SystemInit) refers to system_stm32f10x.o(i.SetSysClock) for SetSysClock
    startup_stm32f10x_hd.o(RESET) refers to startup_stm32f10x_hd.o(STACK) for __initial_sp
    startup_stm32f10x_hd.o(RESET) refers to startup_stm32f10x_hd.o(.text) for Reset_Handler
    startup_stm32f10x_hd.o(RESET) refers to stm32f10x_it.o(i.NMI_Handler) for NMI_Handler
    startup_stm32f10x_hd.o(RESET) refers to stm32f10x_it.o(i.HardFault_Handler) for HardFault_Handler
    startup_stm32f10x_hd.o(RESET) refers to stm32f10x_it.o(i.MemManage_Handler) for MemManage_Handler
    startup_stm32f10x_hd.o(RESET) refers to stm32f10x_it.o(i.BusFault_Handler) for BusFault_Handler
    startup_stm32f10x_hd.o(RESET) refers to stm32f10x_it.o(i.UsageFault_Handler) for UsageFault_Handler
    startup_stm32f10x_hd.o(RESET) refers to stm32f10x_it.o(i.SVC_Handler) for SVC_Handler
    startup_stm32f10x_hd.o(RESET) refers to stm32f10x_it.o(i.DebugMon_Handler) for DebugMon_Handler
    startup_stm32f10x_hd.o(RESET) refers to stm32f10x_it.o(i.PendSV_Handler) for PendSV_Handler
    startup_stm32f10x_hd.o(RESET) refers to stm32f10x_it.o(i.USB_LP_CAN1_RX0_IRQHandler) for USB_LP_CAN1_RX0_IRQHandler
    startup_stm32f10x_hd.o(RESET) refers to pwm_in.o(i.TIM2_IRQHandler) for TIM2_IRQHandler
    startup_stm32f10x_hd.o(RESET) refers to stm32f10x_it.o(i.TIM3_IRQHandler) for TIM3_IRQHandler
    startup_stm32f10x_hd.o(RESET) refers to hard_i2c.o(i.I2C1_EV_IRQHandler) for I2C1_EV_IRQHandler
    startup_stm32f10x_hd.o(RESET) refers to hard_i2c.o(i.I2C1_ER_IRQHandler) for I2C1_ER_IRQHandler
    startup_stm32f10x_hd.o(RESET) refers to hard_i2c.o(i.I2C2_EV_IRQHandler) for I2C2_EV_IRQHandler
    startup_stm32f10x_hd.o(RESET) refers to hard_i2c.o(i.I2C2_ER_IRQHandler) for I2C2_ER_IRQHandler
    startup_stm32f10x_hd.o(.text) refers to system_stm32f10x.o(i.SystemInit) for SystemInit
    startup_stm32f10x_hd.o(.text) refers to entry.o(.ARM.Collect$$$$00000000) for __main
    stm32f10x_rcc.o(i.RCC_GetClocksFreq) refers to stm32f10x_rcc.o(.data) for APBAHBPrescTable
    stm32f10x_rcc.o(i.RCC_WaitForHSEStartUp) refers to stm32f10x_rcc.o(i.RCC_GetFlagStatus) for RCC_GetFlagStatus
    stm32f10x_usart.o(i.USART_DeInit) refers to stm32f10x_rcc.o(i.RCC_APB2PeriphResetCmd) for RCC_APB2PeriphResetCmd
    stm32f10x_usart.o(i.USART_DeInit) refers to stm32f10x_rcc.o(i.RCC_APB1PeriphResetCmd) for RCC_APB1PeriphResetCmd
    stm32f10x_usart.o(i.USART_Init) refers to stm32f10x_rcc.o(i.RCC_GetClocksFreq) for RCC_GetClocksFreq
    stm32f10x_gpio.o(i.GPIO_AFIODeInit) refers to stm32f10x_rcc.o(i.RCC_APB2PeriphResetCmd) for RCC_APB2PeriphResetCmd
    stm32f10x_gpio.o(i.GPIO_DeInit) refers to stm32f10x_rcc.o(i.RCC_APB2PeriphResetCmd) for RCC_APB2PeriphResetCmd
    stm32f10x_spi.o(i.I2S_Init) refers to stm32f10x_rcc.o(i.RCC_GetClocksFreq) for RCC_GetClocksFreq
    stm32f10x_spi.o(i.SPI_I2S_DeInit) refers to stm32f10x_rcc.o(i.RCC_APB2PeriphResetCmd) for RCC_APB2PeriphResetCmd
    stm32f10x_spi.o(i.SPI_I2S_DeInit) refers to stm32f10x_rcc.o(i.RCC_APB1PeriphResetCmd) for RCC_APB1PeriphResetCmd
    stm32f10x_tim.o(i.TIM_DeInit) refers to stm32f10x_rcc.o(i.RCC_APB2PeriphResetCmd) for RCC_APB2PeriphResetCmd
    stm32f10x_tim.o(i.TIM_DeInit) refers to stm32f10x_rcc.o(i.RCC_APB1PeriphResetCmd) for RCC_APB1PeriphResetCmd
    stm32f10x_tim.o(i.TIM_ETRClockMode1Config) refers to stm32f10x_tim.o(i.TIM_ETRConfig) for TIM_ETRConfig
    stm32f10x_tim.o(i.TIM_ETRClockMode2Config) refers to stm32f10x_tim.o(i.TIM_ETRConfig) for TIM_ETRConfig
    stm32f10x_tim.o(i.TIM_ICInit) refers to stm32f10x_tim.o(i.TI1_Config) for TI1_Config
    stm32f10x_tim.o(i.TIM_ICInit) refers to stm32f10x_tim.o(i.TIM_SetIC1Prescaler) for TIM_SetIC1Prescaler
    stm32f10x_tim.o(i.TIM_ICInit) refers to stm32f10x_tim.o(i.TI2_Config) for TI2_Config
    stm32f10x_tim.o(i.TIM_ICInit) refers to stm32f10x_tim.o(i.TIM_SetIC2Prescaler) for TIM_SetIC2Prescaler
    stm32f10x_tim.o(i.TIM_ICInit) refers to stm32f10x_tim.o(i.TI3_Config) for TI3_Config
    stm32f10x_tim.o(i.TIM_ICInit) refers to stm32f10x_tim.o(i.TIM_SetIC3Prescaler) for TIM_SetIC3Prescaler
    stm32f10x_tim.o(i.TIM_ICInit) refers to stm32f10x_tim.o(i.TI4_Config) for TI4_Config
    stm32f10x_tim.o(i.TIM_ICInit) refers to stm32f10x_tim.o(i.TIM_SetIC4Prescaler) for TIM_SetIC4Prescaler
    stm32f10x_tim.o(i.TIM_ITRxExternalClockConfig) refers to stm32f10x_tim.o(i.TIM_SelectInputTrigger) for TIM_SelectInputTrigger
    stm32f10x_tim.o(i.TIM_PWMIConfig) refers to stm32f10x_tim.o(i.TI1_Config) for TI1_Config
[...]
    SPI2_IRQHandler                          0x0000015f   Thumb Code     0  startup_stm32f10x_hd.o(.text)
    SPI3_IRQHandler                          0x0000015f   Thumb Code     0  startup_stm32f10x_hd.o(.text)
    TAMPER_IRQHandler                        0x0000015f   Thumb Code     0  startup_stm32f10x_hd.o(.text)
    TIM1_BRK_IRQHandler                      0x0000015f   Thumb Code     0  startup_stm32f10x_hd.o(.text)
    TIM1_CC_IRQHandler                       0x0000015f   Thumb Code     0  startup_stm32f10x_hd.o(.text)
    TIM1_TRG_COM_IRQHandler                  0x0000015f   Thumb Code     0  startup_stm32f10x_hd.o(.text)
    TIM1_UP_IRQHandler                       0x0000015f   Thumb Code     0  startup_stm32f10x_hd.o(.text)
    TIM4_IRQHandler                          0x0000015f   Thumb Code     0  startup_stm32f10x_hd.o(.text)
    TIM5_IRQHandler                          0x0000015f   Thumb Code     0  startup_stm32f10x_hd.o(.text)
    TIM6_IRQHandler                          0x0000015f   Thumb Code     0  startup_stm32f10x_hd.o(.text)
    TIM7_IRQHandler                          0x0000015f   Thumb Code     0  startup_stm32f10x_hd.o(.text)
    TIM8_BRK_IRQHandler                      0x0000015f   Thumb Code     0  startup_stm32f10x_hd.o(.text)
    TIM8_CC_IRQHandler                       0x0000015f   Thumb Code     0  startup_stm32f10x_hd.o(.text)
    TIM8_TRG_COM_IRQHandler                  0x0000015f   Thumb Code     0  startup_stm32f10x_hd.o(.text)
    TIM8_UP_IRQHandler                       0x0000015f   Thumb Code     0  startup_stm32f10x_hd.o(.text)
    UART4_IRQHandler                         0x0000015f   Thumb Code     0  startup_stm32f10x_hd.o(.text)
    UART5_IRQHandler                         0x0000015f   Thumb Code     0  startup_stm32f10x_hd.o(.text)
    USART1_IRQHandler                        0x0000015f   Thumb Code     0  startup_stm32f10x_hd.o(.text)
    USART2_IRQHandler                        0x0000015f   Thumb Code     0  startup_stm32f10x_hd.o(.text)
    USART3_IRQHandler                        0x0000015f   Thumb Code     0  startup_stm32f10x_hd.o(.text)
    USBWakeUp_IRQHandler                     0x0000015f   Thumb Code     0  startup_stm32f10x_hd.o(.text)
    USB_HP_CAN1_TX_IRQHandler                0x0000015f   Thumb Code     0  startup_stm32f10x_hd.o(.text)
    WWDG_IRQHandler                          0x0000015f   Thumb Code     0  startup_stm32f10x_hd.o(.text)
    __aeabi_fadd                             0x00000169   Thumb Code   164  fadd.o(.text)
    __aeabi_fsub                             0x0000020d   Thumb Code     6  fadd.o(.text)
    __aeabi_frsub                            0x00000213   Thumb Code     6  fadd.o(.text)
    __aeabi_fmul                             0x00000219   Thumb Code   100  fmul.o(.text)
    __aeabi_fdiv                             0x0000027d   Thumb Code   124  fdiv.o(.text)
    __aeabi_dadd                             0x000002f9   Thumb Code   322  dadd.o(.text)
    __aeabi_dsub                             0x0000043b   Thumb Code     6  dadd.o(.text)
    __aeabi_drsub                            0x00000441   Thumb Code     6  dadd.o(.text)
    __aeabi_dmul                             0x00000447   Thumb Code   228  dmul.o(.text)
    __aeabi_ddiv                             0x0000052b   Thumb Code   222  ddiv.o(.text)
    __aeabi_i2f                              0x00000609   Thumb Code    18  fflti.o(.text)
    __aeabi_i2d                              0x0000061b   Thumb Code    34  dflti.o(.text)
    __aeabi_ui2d                             0x0000063d   Thumb Code    26  dfltui.o(.text)
    __aeabi_f2iz                             0x00000657   Thumb Code    50  ffixi.o(.text)
    __aeabi_f2uiz                            0x00000689   Thumb Code    40  ffixui.o(.text)
    __aeabi_d2iz                             0x000006b1   Thumb Code    62  dfixi.o(.text)
    __aeabi_d2uiz                            0x000006ef   Thumb Code    50  dfixui.o(.text)
    __aeabi_f2d                              0x00000721   Thumb Code    38  f2d.o(.text)
    __aeabi_cdcmpeq                          0x00000749   Thumb Code     0  cdcmple.o(.text)
    __aeabi_cdcmple                          0x00000749   Thumb Code    48  cdcmple.o(.text)
    __aeabi_d2f                              0x00000779   Thumb Code    56  d2f.o(.text)
    __aeabi_cfcmpeq                          0x000007b1   Thumb Code     0  cfcmple.o(.text)
    __aeabi_cfcmple                          0x000007b1   Thumb Code    20  cfcmple.o(.text)
    __aeabi_cfrcmple                         0x000007c5   Thumb Code    20  cfrcmple.o(.text)
    __aeabi_llsl                             0x000007d9   Thumb Code    30  llshl.o(.text)
    _ll_shift_l                              0x000007d9   Thumb Code     0  llshl.o(.text)
    __aeabi_llsr                             0x000007f7   Thumb Code    32  llushr.o(.text)
    _ll_ushift_r                             0x000007f7   Thumb Code     0  llushr.o(.text)
    __aeabi_lasr                             0x00000817   Thumb Code    36  llsshr.o(.text)
    _ll_sshift_r                             0x00000817   Thumb Code     0  llsshr.o(.text)
    __I$use$fp                               0x0000083b   Thumb Code     0  iusefp.o(.text)
    _float_round                             0x0000083b   Thumb Code    18  fepilogue.o(.text)
    _float_epilogue                          0x0000084d   Thumb Code    92  fepilogue.o(.text)
    __ARM_scalbnf                            0x000008a9   Thumb Code    24  fscalb.o(.text)
    scalbnf                                  0x000008a9   Thumb Code     0  fscalb.o(.text)
    _double_round                            0x000008c1   Thumb Code    30  depilogue.o(.text)
    _double_epilogue                         0x000008df   Thumb Code   156  depilogue.o(.text)
    __scatterload                            0x0000097d   Thumb Code    28  init.o(.text)
    __scatterload_rt2                        0x0000097d   Thumb Code     0  init.o(.text)
    _fsqrt                                   0x000009a1   Thumb Code    94  fsqrt.o(.text)
    __ARM_scalbn                             0x000009ff   Thumb Code    46  dscalb.o(.text)
    scalbn                                   0x000009ff   Thumb Code     0  dscalb.o(.text)
    __decompress                             0x00000a2d   Thumb Code     0  __dczerorl2.o(.text)
    __decompress1                            0x00000a2d   Thumb Code    86  __dczerorl2.o(.text)
    ADC1_Init                                0x00000abd   Thumb Code    12  adc.o(i.ADC1_Init)
    ADC_Cmd                                  0x00000ba9   Thumb Code    22  stm32f10x_adc.o(i.ADC_Cmd)
    ADC_DMACmd                               0x00000bbf   Thumb Code    22  stm32f10x_adc.o(i.ADC_DMACmd)
    ADC_ExternalTrigConvCmd                  0x00000bd5   Thumb Code    22  stm32f10x_adc.o(i.ADC_ExternalTrigConvCmd)
    ADC_GetCalibrationStatus                 0x00000beb   Thumb Code    20  stm32f10x_adc.o(i.ADC_GetCalibrationStatus)
    ADC_GetResetCalibrationStatus            0x00000bff   Thumb Code    20  stm32f10x_adc.o(i.ADC_GetResetCalibrationStatus)
    ADC_Init                                 0x00000c15   Thumb Code    70  stm32f10x_adc.o(i.ADC_Init)
    ADC_RegularChannelConfig                 0x00000c65   Thumb Code   184  stm32f10x_adc.o(i.ADC_RegularChannelConfig)
    ADC_ResetCalibration                     0x00000d1d   Thumb Code    10  stm32f10x_adc.o(i.ADC_ResetCalibration)
    ADC_SoftwareStartConvCmd                 0x00000d27   Thumb Code    22  stm32f10x_adc.o(i.ADC_SoftwareStartConvCmd)
    ADC_StartCalibration                     0x00000d3d   Thumb Code    10  stm32f10x_adc.o(i.ADC_StartCalibration)
    AHRS_GetQ                                0x00000d49   Thumb Code   592  multirotor_ahrs.o(i.AHRS_GetQ)
    AHRS_Geteuler                            0x00000fc1   Thumb Code   592  multirotor_ahrs.o(i.AHRS_Geteuler)
    AHRS_getValues                           0x00001241   Thumb Code   250  multirotor_ahrs.o(i.AHRS_getValues)
    Attitude_RatePID                         0x00001365   Thumb Code   572  multirotor_control.o(i.Attitude_RatePID)
    BusFault_Handler                         0x000015b9   Thumb Code     4  stm32f10x_it.o(i.BusFault_Handler)
    ByteSwap                                 0x000015bd   Thumb Code    12  usb_regs.o(i.ByteSwap)
    CONTROL                                  0x000015c9   Thumb Code   442  multirotor_control.o(i.CONTROL)
    CTR_LP                                   0x00001795   Thumb Code   616  usb_int.o(i.CTR_LP)
    Calculate_Target                         0x00001a1d   Thumb Code   260  multirotor_control.o(i.Calculate_Target)
    ClearDTOG_RX                             0x00001b45   Thumb Code    48  usb_regs.o(i.ClearDTOG_RX)
    ClearDTOG_TX                             0x00001b79   Thumb Code    48  usb_regs.o(i.ClearDTOG_TX)
    Clear_Status_Out                         0x00001bad   Thumb Code    34  usb_regs.o(i.Clear_Status_Out)
    DMA_Cmd                                  0x00001bd5   Thumb Code    24  stm32f10x_dma.o(i.DMA_Cmd)
    DMA_DeInit                               0x00001bed   Thumb Code   324  stm32f10x_dma.o(i.DMA_DeInit)
    DMA_Init                                 0x00001d39   Thumb Code    60  stm32f10x_dma.o(i.DMA_Init)
    Data_Parser                              0x00001ef1   Thumb Code   344  algorithm_sqlite.o(i.Data_Parser)
    DebugMon_Handler                         0x000022ed   Thumb Code     2  stm32f10x_it.o(i.DebugMon_Handler)
    Degree                                   0x000022f1   Thumb Code    36  algorithm_math.o(i.Degree)
    Dis_Float                                0x0000231d   Thumb Code   440  oled.o(i.Dis_Float)
    EE_Init                                  0x0000256d   Thumb Code    16  eeprom.o(i.EE_Init)
    EE_ReadVariable                          0x00002835   Thumb Code    90  eeprom.o(i.EE_ReadVariable)
    EE_SAVE_ACC_OFFSET                       0x00002899   Thumb Code    46  algorithm_sqlite.o(i.EE_SAVE_ACC_OFFSET)
    EE_SAVE_Attitude_PID                     0x000028d1   Thumb Code   280  algorithm_sqlite.o(i.EE_SAVE_Attitude_PID)
    EE_SAVE_MAG_OFFSET                       0x000029fd   Thumb Code    36  algorithm_sqlite.o(i.EE_SAVE_MAG_OFFSET)
    EE_WriteVariable                         0x00002ab1   Thumb Code    36  eeprom.o(i.EE_WriteVariable)
    EP1_IN_Callback                          0x00002ad5   Thumb Code    72  usb_endp.o(i.EP1_IN_Callback)
    EP3_OUT_Callback                         0x00002b21   Thumb Code    32  usb_endp.o(i.EP3_OUT_Callback)
    FLASH_ErasePage                          0x00002b41   Thumb Code    72  stm32f10x_flash.o(i.FLASH_ErasePage)
    FLASH_GetBank1Status                     0x00002b8d   Thumb Code    48  stm32f10x_flash.o(i.FLASH_GetBank1Status)
    FLASH_ProgramHalfWord                    0x00002bc1   Thumb Code    60  stm32f10x_flash.o(i.FLASH_ProgramHalfWord)
    FLASH_Unlock                             0x00002c01   Thumb Code    12  stm32f10x_flash.o(i.FLASH_Unlock)
    FLASH_WaitForLastOperation               0x00002c19   Thumb Code    38  stm32f10x_flash.o(i.FLASH_WaitForLastOperation)
    FailSafeLEDAlarm                         0x00002c41   Thumb Code   106  led.o(i.FailSafeLEDAlarm)
    Float2Byte                               0x00002cb5   Thumb Code    28  multirotor_radio.o(i.Float2Byte)
    GPIO_Init                                0x00002cd1   Thumb Code   278  stm32f10x_gpio.o(i.GPIO_Init)
    GPIO_PinRemapConfig                      0x00002de9   Thumb Code   138  stm32f10x_gpio.o(i.GPIO_PinRemapConfig)
    GPIO_ReadInputDataBit                    0x00002e79   Thumb Code    18  stm32f10x_gpio.o(i.GPIO_ReadInputDataBit)
    GPIO_ResetBits                           0x00002e8b   Thumb Code     4  stm32f10x_gpio.o(i.GPIO_ResetBits)
    GPIO_SetBits                             0x00002e8f   Thumb Code     4  stm32f10x_gpio.o(i.GPIO_SetBits)
    GetEPRxAddr                              0x00002e95   Thumb Code    24  usb_regs.o(i.GetEPRxAddr)
    GetEPRxCount                             0x00002eb5   Thumb Code    26  usb_regs.o(i.GetEPRxCount)
    GetEPTxAddr                              0x00002ed9   Thumb Code    22  usb_regs.o(i.GetEPTxAddr)
    Get_SerialNum                            0x00002ef9   Thumb Code    48  usb_hw.o(i.Get_SerialNum)
    Gyro_OFFSET                              0x00002f2d   Thumb Code   416  mpu6050.o(i.Gyro_OFFSET)
    HMC5883lRead                             0x000030d5   Thumb Code   360  hmc5883.o(i.HMC5883lRead)
    HardFault_Handler                        0x0000324d   Thumb Code     4  stm32f10x_it.o(i.HardFault_Handler)
    HtoEs_Attitude_Data_Generate             0x00003251   Thumb Code    98  multirotor_radio.o(i.HtoEs_Attitude_Data_Generate)
    HtoEs_Chart_Data_Generate                0x000032c1   Thumb Code   358  multirotor_radio.o(i.HtoEs_Chart_Data_Generate)
    HtoEs_GPS_Data_Generate                  0x00003475   Thumb Code   268  multirotor_radio.o(i.HtoEs_GPS_Data_Generate)
    HtoEs_PID_Data_Generate                  0x000035b5   Thumb Code   464  multirotor_radio.o(i.HtoEs_PID_Data_Generate)
    HtoEs_RC_Data_Generate                   0x000037d1   Thumb Code   190  multirotor_radio.o(i.HtoEs_RC_Data_Generate)
    I2C1_ER_IRQHandler                       0x0000389d   Thumb Code     8  hard_i2c.o(i.I2C1_ER_IRQHandler)
    I2C1_EV_IRQHandler                       0x000038a5   Thumb Code     8  hard_i2c.o(i.I2C1_EV_IRQHandler)
    I2C2_ER_IRQHandler                       0x000038ad   Thumb Code     8  hard_i2c.o(i.I2C2_ER_IRQHandler)
    I2C2_EV_IRQHandler                       0x000038b5   Thumb Code     8  hard_i2c.o(i.I2C2_EV_IRQHandler)
    I2C_AcknowledgeConfig                    0x000038bd   Thumb Code    24  stm32f10x_i2c.o(i.I2C_AcknowledgeConfig)
    I2C_Cmd                                  0x000038d5   Thumb Code    24  stm32f10x_i2c.o(i.I2C_Cmd)
    I2C_DeInit                               0x000038ed   Thumb Code    50  stm32f10x_i2c.o(i.I2C_DeInit)
    I2C_GenerateSTART                        0x00003925   Thumb Code    24  stm32f10x_i2c.o(i.I2C_GenerateSTART)
    I2C_GenerateSTOP                         0x0000393d   Thumb Code    24  stm32f10x_i2c.o(i.I2C_GenerateSTOP)
    I2C_ITConfig                             0x00003955   Thumb Code    18  stm32f10x_i2c.o(i.I2C_ITConfig)
    I2C_Init                                 0x00003969   Thumb Code   222  stm32f10x_i2c.o(i.I2C_Init)
    I2C_Send7bitAddress                      0x00003a55   Thumb Code    18  stm32f10x_i2c.o(i.I2C_Send7bitAddress)
    I2C_StructInit                           0x00003a67   Thumb Code    30  stm32f10x_i2c.o(i.I2C_StructInit)
    IIR_I_Filter                             0x00003a85   Thumb Code   242  algorithm_filter.o(i.IIR_I_Filter)
    In0_Process                              0x00003b79   Thumb Code    98  usb_core.o(i.In0_Process)
    InitBoard                                0x00003be9   Thumb Code    60  multirotor_app.o(i.InitBoard)
    InitCurrWrAddress                        0x00003c25   Thumb Code    92  eeprom.o(i.InitCurrWrAddress)
    InitMPU6050                              0x00003c89   Thumb Code    76  mpu6050.o(i.InitMPU6050)
    Init_HMC5883L                            0x00003cd5   Thumb Code    74  hmc5883.o(i.Init_HMC5883L)
    LEDReflash                               0x00003d5d   Thumb Code    88  led.o(i.LEDReflash)
    LED_Fsm                                  0x00003dbd   Thumb Code   182  led.o(i.LED_Fsm)
    LED_GPIO_Config                          0x00003e7d   Thumb Code   100  led.o(i.LED_GPIO_Config)
    LED_SHOW                                 0x00003ef1   Thumb Code   108  led.o(i.LED_SHOW)
    LPF_1st                                  0x00003f61   Thumb Code    50  algorithm_filter.o(i.LPF_1st)
    MPU6050_Dataanl                          0x00003f95   Thumb Code   376  mpu6050.o(i.MPU6050_Dataanl)
    MPU6050_Read                             0x00004129   Thumb Code    16  mpu6050.o(i.MPU6050_Read)
    Mag_Calibration                          0x0000413d   Thumb Code   598  hmc5883.o(i.Mag_Calibration)
    MemManage_Handler                        0x000043c5   Thumb Code     4  stm32f10x_it.o(i.MemManage_Handler)
    Motor_Conter                             0x000043c9   Thumb Code   266  multirotor_control.o(i.Motor_Conter)
    NMI_Handler                              0x000044f1   Thumb Code     2  stm32f10x_it.o(i.NMI_Handler)
    NOP_Process                              0x000044f3   Thumb Code     2  usb_core.o(i.NOP_Process)
    NRF24L01_Check                           0x000044f5   Thumb Code    66  nrf24l01.o(i.NRF24L01_Check)
    NRF24L01_Init                            0x00004541   Thumb Code    26  nrf24l01.o(i.NRF24L01_Init)
    NRF24L01_Mode                            0x00004565   Thumb Code   236  nrf24l01.o(i.NRF24L01_Mode)
    NRF24L01_Read_Buf                        0x0000465d   Thumb Code    64  nrf24l01.o(i.NRF24L01_Read_Buf)
    NRF24L01_Write_Buf                       0x000046a1   Thumb Code    64  nrf24l01.o(i.NRF24L01_Write_Buf)
    NRF24L01_Write_Reg                       0x000046e5   Thumb Code    44  nrf24l01.o(i.NRF24L01_Write_Reg)
    NVIC_Init                                0x00004715   Thumb Code   100  misc.o(i.NVIC_Init)
    NVIC_PriorityGroupConfig                 0x00004785   Thumb Code    10  misc.o(i.NVIC_PriorityGroupConfig)
    Nvic_Init                                0x000048d1   Thumb Code    70  time.o(i.Nvic_Init)
    OLED_4num                                0x00004917   Thumb Code   134  oled.o(i.OLED_4num)
    OLED_DLY_ms                              0x0000499d   Thumb Code    24  oled.o(i.OLED_DLY_ms)
    OLED_Fill                                0x000049b5   Thumb Code    58  oled.o(i.OLED_Fill)
    OLED_Init                                0x000049f1   Thumb Code   274  oled.o(i.OLED_Init)
    OLED_Num                                 0x00004b09   Thumb Code    60  oled.o(i.OLED_Num)
    OLED_P6x8Str                             0x00004b49   Thumb Code    96  oled.o(i.OLED_P6x8Str)
    OLED_Set_Pos                             0x00004bad   Thumb Code    36  oled.o(i.OLED_Set_Pos)
    OLED_WR_Byte                             0x00004bd1   Thumb Code    92  oled.o(i.OLED_WR_Byte)
    OLED_WrCmd                               0x00004c31   Thumb Code    84  oled.o(i.OLED_WrCmd)
    OLED_WrDat                               0x00004c89   Thumb Code    86  oled.o(i.OLED_WrDat)
    Out0_Process                             0x00004ce5   Thumb Code    70  usb_core.o(i.Out0_Process)
    PMAToUserBufferCopy                      0x00004d35   Thumb Code    34  usb_mem.o(i.PMAToUserBufferCopy)
    PWM_IN_Config                            0x00004d5d   Thumb Code   284  pwm_in.o(i.PWM_IN_Config)
    PWM_OUT_Config                           0x00004e81   Thumb Code    44  moto.o(i.PWM_OUT_Config)
    PendSV_Handler                           0x00004eb1   Thumb Code     2  stm32f10x_it.o(i.PendSV_Handler)
    Post0_Process                            0x00004eb5   Thumb Code    54  usb_core.o(i.Post0_Process)
    Q_rsqrt                                  0x00004efd   Thumb Code    74  algorithm_math.o(i.Q_rsqrt)
    Quaternion_Normalize                     0x00004f4d   Thumb Code   122  algorithm_quaternion.o(i.Quaternion_Normalize)
    Quaternion_RungeKutta                    0x00004fc7   Thumb Code   288  algorithm_quaternion.o(i.Quaternion_RungeKutta)
    Quaternion_ToAngE                        0x000050e9   Thumb Code   302  algorithm_quaternion.o(i.Quaternion_ToAngE)
    Quaternion_vectorGravity                 0x0000521d   Thumb Code   148  algorithm_quaternion.o(i.Quaternion_vectorGravity)
    RCC_ADCCLKConfig                         0x000052b1   Thumb Code    18  stm32f10x_rcc.o(i.RCC_ADCCLKConfig)
    RCC_AHBPeriphClockCmd                    0x000052c9   Thumb Code    26  stm32f10x_rcc.o(i.RCC_AHBPeriphClockCmd)
    RCC_APB1PeriphClockCmd                   0x000052e9   Thumb Code    26  stm32f10x_rcc.o(i.RCC_APB1PeriphClockCmd)
    RCC_APB1PeriphResetCmd                   0x00005309   Thumb Code    26  stm32f10x_rcc.o(i.RCC_APB1PeriphResetCmd)
    RCC_APB2PeriphClockCmd                   0x00005329   Thumb Code    26  stm32f10x_rcc.o(i.RCC_APB2PeriphClockCmd)
    RCC_APB2PeriphResetCmd                   0x00005349   Thumb Code    26  stm32f10x_rcc.o(i.RCC_APB2PeriphResetCmd)
    RCC_GetClocksFreq                        0x00005369   Thumb Code   192  stm32f10x_rcc.o(i.RCC_GetClocksFreq)
    RCC_USBCLKConfig                         0x00005441   Thumb Code     6  stm32f10x_rcc.o(i.RCC_USBCLKConfig)
    RC_Data_Refine                           0x0000544d   Thumb Code   318  multirotor_rc.o(i.RC_Data_Refine)
    RC_directive                             0x000055a5   Thumb Code   240  multirotor_rc.o(i.RC_directive)
    RDAU                                     0x000056a9   Thumb Code    14  multirotor_rc.o(i.RDAU)
    Reset_Integral                           0x000056bd   Thumb Code    18  multirotor_control.o(i.Reset_Integral)
    SOF_Callback                             0x000056d5   Thumb Code    38  usb_endp.o(i.SOF_Callback)
    SPI3_Config                              0x00005705   Thumb Code   226  spi.o(i.SPI3_Config)
    SPI3_ReadWriteByte                       0x000057f9   Thumb Code    78  spi.o(i.SPI3_ReadWriteByte)
    SPI_Cmd                                  0x0000584d   Thumb Code    24  stm32f10x_spi.o(i.SPI_Cmd)
    SPI_I2S_GetFlagStatus                    0x00005865   Thumb Code    18  stm32f10x_spi.o(i.SPI_I2S_GetFlagStatus)
    SPI_I2S_ReceiveData                      0x00005877   Thumb Code     6  stm32f10x_spi.o(i.SPI_I2S_ReceiveData)
    SPI_I2S_SendData                         0x0000587d   Thumb Code     4  stm32f10x_spi.o(i.SPI_I2S_SendData)
    SPI_Init                                 0x00005881   Thumb Code    60  stm32f10x_spi.o(i.SPI_Init)
    SVC_Handler                              0x000058bd   Thumb Code     2  stm32f10x_it.o(i.SVC_Handler)
    Screen_Update                            0x000058c1   Thumb Code   136  multirotor_app.o(i.Screen_Update)
    Sensor_Init                              0x00005951   Thumb Code   104  multirotor_app.o(i.Sensor_Init)
    SetBTABLE                                0x000059dd   Thumb Code    12  usb_regs.o(i.SetBTABLE)
    SetDeviceAddress                         0x000059ed   Thumb Code    68  usb_core.o(i.SetDeviceAddress)
    SetEPRxAddr                              0x00005a3d   Thumb Code    26  usb_regs.o(i.SetEPRxAddr)
    SetEPRxCount                             0x00005a61   Thumb Code    68  usb_regs.o(i.SetEPRxCount)
    SetEPRxStatus                            0x00005aad   Thumb Code    60  usb_regs.o(i.SetEPRxStatus)
    SetEPRxValid                             0x00005aed   Thumb Code    48  usb_regs.o(i.SetEPRxValid)
    SetEPTxAddr                              0x00005b21   Thumb Code    24  usb_regs.o(i.SetEPTxAddr)
    SetEPTxCount                             0x00005b41   Thumb Code    20  usb_regs.o(i.SetEPTxCount)
    SetEPTxStatus                            0x00005b5d   Thumb Code    60  usb_regs.o(i.SetEPTxStatus)
    SetEPTxValid                             0x00005b9d   Thumb Code    48  usb_regs.o(i.SetEPTxValid)
    SetEPType                                0x00005bd1   Thumb Code    32  usb_regs.o(i.SetEPType)
    Setup0_Process                           0x00005cdd   Thumb Code   170  usb_core.o(i.Setup0_Process)
    Standard_ClearFeature                    0x00005d95   Thumb Code   342  usb_core.o(i.Standard_ClearFeature)
    Standard_GetConfiguration                0x00005f01   Thumb Code    34  usb_core.o(i.Standard_GetConfiguration)
    Standard_GetDescriptorData               0x00005f2d   Thumb Code    32  usb_core.o(i.Standard_GetDescriptorData)
    Standard_GetInterface                    0x00005f51   Thumb Code    34  usb_core.o(i.Standard_GetInterface)
    Standard_GetStatus                       0x00005f7d   Thumb Code   238  usb_core.o(i.Standard_GetStatus)
    Standard_SetConfiguration                0x0000607d   Thumb Code    60  usb_core.o(i.Standard_SetConfiguration)
    Standard_SetDeviceFeature                0x000060c5   Thumb Code    30  usb_core.o(i.Standard_SetDeviceFeature)
    Standard_SetEndPointFeature              0x000060ed   Thumb Code   192  usb_core.o(i.Standard_SetEndPointFeature)
    Standard_SetInterface                    0x000061bd   Thumb Code    96  usb_core.o(i.Standard_SetInterface)
    SystemInit                               0x00006229   Thumb Code    78  system_stm32f10x.o(i.SystemInit)
    TIM2_IRQHandler                          0x000064c9   Thumb Code   484  pwm_in.o(i.TIM2_IRQHandler)
    TIM3_Config                              0x000066bd   Thumb Code    76  time.o(i.TIM3_Config)
    TIM3_IRQHandler                          0x0000670d   Thumb Code    46  stm32f10x_it.o(i.TIM3_IRQHandler)
    TIM_ARRPreloadConfig                     0x00006745   Thumb Code    24  stm32f10x_tim.o(i.TIM_ARRPreloadConfig)
    TIM_ClearFlag                            0x0000675d   Thumb Code     6  stm32f10x_tim.o(i.TIM_ClearFlag)
    TIM_ClearITPendingBit                    0x00006763   Thumb Code     6  stm32f10x_tim.o(i.TIM_ClearITPendingBit)
    TIM_Cmd                                  0x00006769   Thumb Code    24  stm32f10x_tim.o(i.TIM_Cmd)
    TIM_DeInit                               0x00006781   Thumb Code   424  stm32f10x_tim.o(i.TIM_DeInit)
    TIM_GetCapture1                          0x00006969   Thumb Code     6  stm32f10x_tim.o(i.TIM_GetCapture1)
    TIM_GetCapture2                          0x0000696f   Thumb Code     6  stm32f10x_tim.o(i.TIM_GetCapture2)
    TIM_GetCapture3                          0x00006975   Thumb Code     6  stm32f10x_tim.o(i.TIM_GetCapture3)
    TIM_GetCapture4                          0x0000697b   Thumb Code     8  stm32f10x_tim.o(i.TIM_GetCapture4)
    TIM_GetITStatus                          0x00006983   Thumb Code    34  stm32f10x_tim.o(i.TIM_GetITStatus)
    TIM_ICInit                               0x000069a5   Thumb Code   150  stm32f10x_tim.o(i.TIM_ICInit)
    TIM_ITConfig                             0x00006a51   Thumb Code    18  stm32f10x_tim.o(i.TIM_ITConfig)
    TIM_OC1Init                              0x00006a65   Thumb Code   132  stm32f10x_tim.o(i.TIM_OC1Init)
    TIM_OC1PolarityConfig                    0x00006afd   Thumb Code    18  stm32f10x_tim.o(i.TIM_OC1PolarityConfig)
    TIM_OC1PreloadConfig                     0x00006b0f   Thumb Code    18  stm32f10x_tim.o(i.TIM_OC1PreloadConfig)
    TIM_OC2Init                              0x00006b21   Thumb Code   154  stm32f10x_tim.o(i.TIM_OC2Init)
    TIM_OC2PolarityConfig                    0x00006bc5   Thumb Code    26  stm32f10x_tim.o(i.TIM_OC2PolarityConfig)
    TIM_OC2PreloadConfig                     0x00006bdf   Thumb Code    26  stm32f10x_tim.o(i.TIM_OC2PreloadConfig)
    TIM_OC3Init                              0x00006bf9   Thumb Code   150  stm32f10x_tim.o(i.TIM_OC3Init)
    TIM_OC3PolarityConfig                    0x00006c99   Thumb Code    26  stm32f10x_tim.o(i.TIM_OC3PolarityConfig)
    TIM_OC3PreloadConfig                     0x00006cb3   Thumb Code    18  stm32f10x_tim.o(i.TIM_OC3PreloadConfig)
    TIM_OC4Init                              0x00006cc5   Thumb Code   114  stm32f10x_tim.o(i.TIM_OC4Init)
    TIM_OC4PolarityConfig                    0x00006d41   Thumb Code    26  stm32f10x_tim.o(i.TIM_OC4PolarityConfig)
    TIM_OC4PreloadConfig                     0x00006d5b   Thumb Code    26  stm32f10x_tim.o(i.TIM_OC4PreloadConfig)
    TIM_SetIC1Prescaler                      0x00006d75   Thumb Code    18  stm32f10x_tim.o(i.TIM_SetIC1Prescaler)
    TIM_SetIC2Prescaler                      0x00006d87   Thumb Code    26  stm32f10x_tim.o(i.TIM_SetIC2Prescaler)
    TIM_SetIC3Prescaler                      0x00006da1   Thumb Code    18  stm32f10x_tim.o(i.TIM_SetIC3Prescaler)
    TIM_SetIC4Prescaler                      0x00006db3   Thumb Code    26  stm32f10x_tim.o(i.TIM_SetIC4Prescaler)
    TIM_TimeBaseInit                         0x00006dcd   Thumb Code   122  stm32f10x_tim.o(i.TIM_TimeBaseInit)
    Tim4_init                                0x00006e71   Thumb Code   154  moto.o(i.Tim4_init)
    Time_slice                               0x00006f11   Thumb Code    86  multirotor_app.o(i.Time_slice)
    USB_Init                                 0x00006f71   Thumb Code    36  usb_init.o(i.USB_Init)
    USB_LP_CAN1_RX0_IRQHandler               0x00006fad   Thumb Code     8  stm32f10x_it.o(i.USB_LP_CAN1_RX0_IRQHandler)
    USB_SIL_Init                             0x00006fb5   Thumb Code    28  usb_sil.o(i.USB_SIL_Init)
    USB_SIL_Read                             0x00006fd9   Thumb Code    46  usb_sil.o(i.USB_SIL_Read)
    UsageFault_Handler                       0x00007007   Thumb Code     4  stm32f10x_it.o(i.UsageFault_Handler)
    UsbCmdPro                                0x0000700d   Thumb Code   120  multirotor_radio.o(i.UsbCmdPro)
    UserToPMABufferCopy                      0x00007095   Thumb Code    52  usb_mem.o(i.UserToPMABufferCopy)
    VariableParameter                        0x000070cd   Thumb Code    92  algorithm_math.o(i.VariableParameter)
    Virtual_Com_Port_Data_Setup              0x00007139   Thumb Code    82  usb_prop.o(i.Virtual_Com_Port_Data_Setup)
    Virtual_Com_Port_GetConfigDescriptor     0x0000719d   Thumb Code    14  usb_prop.o(i.Virtual_Com_Port_GetConfigDescriptor)
    Virtual_Com_Port_GetDeviceDescriptor     0x000071b1   Thumb Code    14  usb_prop.o(i.Virtual_Com_Port_GetDeviceDescriptor)
    Virtual_Com_Port_GetLineCoding           0x000071c5   Thumb Code    20  usb_prop.o(i.Virtual_Com_Port_GetLineCoding)
    Virtual_Com_Port_GetStringDescriptor     0x000071e1   Thumb Code    32  usb_prop.o(i.Virtual_Com_Port_GetStringDescriptor)
    Virtual_Com_Port_Get_Interface_Setting   0x00007209   Thumb Code    22  usb_prop.o(i.Virtual_Com_Port_Get_Interface_Setting)
    Virtual_Com_Port_NoData_Setup            0x00007221   Thumb Code    36  usb_prop.o(i.Virtual_Com_Port_NoData_Setup)
    Virtual_Com_Port_Reset                   0x00007249   Thumb Code   216  usb_prop.o(i.Virtual_Com_Port_Reset)
    Virtual_Com_Port_SetConfiguration        0x00007331   Thumb Code    14  usb_prop.o(i.Virtual_Com_Port_SetConfiguration)
    Virtual_Com_Port_SetDeviceAddress        0x00007349   Thumb Code     8  usb_prop.o(i.Virtual_Com_Port_SetDeviceAddress)
    Virtual_Com_Port_SetLineCoding           0x00007355   Thumb Code    20  usb_prop.o(i.Virtual_Com_Port_SetLineCoding)
    Virtual_Com_Port_Status_In               0x00007371   Thumb Code    16  usb_prop.o(i.Virtual_Com_Port_Status_In)
    Virtual_Com_Port_Status_Out              0x00007385   Thumb Code     2  usb_prop.o(i.Virtual_Com_Port_Status_Out)
    Virtual_Com_Port_init                    0x00007389   Thumb Code    32  usb_prop.o(i.Virtual_Com_Port_init)
    __ARM_fpclassify                         0x000073b5   Thumb Code    40  fpclassify.o(i.__ARM_fpclassify)
    __ARM_fpclassifyf                        0x000073dd   Thumb Code    38  fpclassifyf.o(i.__ARM_fpclassifyf)
    __EE_Init                                0x00007405   Thumb Code   492  eeprom.o(i.__EE_Init)
    __ieee754_rem_pio2                       0x00007601   Thumb Code   828  rred.o(i.__ieee754_rem_pio2)
    __kernel_cos                             0x00007989   Thumb Code   230  cos_i.o(i.__kernel_cos)
    __kernel_poly                            0x00007a85   Thumb Code   170  poly.o(i.__kernel_poly)
    __kernel_sin                             0x00007b31   Thumb Code   224  sin_i.o(i.__kernel_sin)
    __mathlib_dbl_infnan                     0x00007c1d   Thumb Code     6  dunder.o(i.__mathlib_dbl_infnan)
    __mathlib_dbl_infnan2                    0x00007c23   Thumb Code     4  dunder.o(i.__mathlib_dbl_infnan2)
    __mathlib_dbl_invalid                    0x00007c27   Thumb Code    12  dunder.o(i.__mathlib_dbl_invalid)
    __mathlib_dbl_underflow                  0x00007c35   Thumb Code    10  dunder.o(i.__mathlib_dbl_underflow)
    __mathlib_flt_infnan                     0x00007c45   Thumb Code     6  funder.o(i.__mathlib_flt_infnan)
    __mathlib_flt_infnan2                    0x00007c4b   Thumb Code     4  funder.o(i.__mathlib_flt_infnan2)
    __mathlib_flt_invalid                    0x00007c4f   Thumb Code     8  funder.o(i.__mathlib_flt_invalid)
    __mathlib_flt_underflow                  0x00007c57   Thumb Code    10  funder.o(i.__mathlib_flt_underflow)
    __scatterload_copy                       0x00007c61   Thumb Code    14  handlers.o(i.__scatterload_copy)
    __scatterload_null                       0x00007c6f   Thumb Code     2  handlers.o(i.__scatterload_null)
    __scatterload_zeroinit                   0x00007c71   Thumb Code    14  handlers.o(i.__scatterload_zeroinit)
    __set_errno                              0x00007c85   Thumb Code     6  errno.o(i.__set_errno)
    array_assign                             0x00007c91   Thumb Code    22  algorithm_math.o(i.array_assign)
    asinf                                    0x00007ca9   Thumb Code   254  asinf.o(i.asinf)
    atan                                     0x00007dcd   Thumb Code   474  atan.o(i.atan)
    atan2                                    0x00007fed   Thumb Code   346  atan2.o(i.atan2)
    atan2f                                   0x0000816d   Thumb Code   528  atan2f.o(i.atan2f)
    bsp_InitUsb                              0x000083c9   Thumb Code   118  usb_hw.o(i.bsp_InitUsb)
    cos                                      0x00008449   Thumb Code   148  cos.o(i.cos)
    data_limit                               0x000084e5   Thumb Code    36  algorithm_math.o(i.data_limit)
    delay                                    0x00008509   Thumb Code    24  delay.o(i.delay)
    delay_init                               0x00008521   Thumb Code    56  delay.o(i.delay_init)
    i2cInit                                  0x00008581   Thumb Code   196  hard_i2c.o(i.i2cInit)
    i2cRead                                  0x00008655   Thumb Code   194  hard_i2c.o(i.i2cRead)
    i2cWrite                                 0x00008831   Thumb Code    20  hard_i2c.o(i.i2cWrite)
    i2cWriteBuffer                           0x00008845   Thumb Code   194  hard_i2c.o(i.i2cWriteBuffer)
    loop                                     0x00008dd1   Thumb Code    60  multirotor_app.o(i.loop)
    main                                     0x00008e11   Thumb Code    32  main.o(i.main)
    mavlink                                  0x00008e35   Thumb Code   154  multirotor_radio.o(i.mavlink)
    moto_PwmRflash                           0x00008ee1   Thumb Code   104  moto.o(i.moto_PwmRflash)
    moto_STOP                                0x00008f4d   Thumb Code    22  moto.o(i.moto_STOP)
    paramLoad                                0x00008f69   Thumb Code   114  algorithm_sqlite.o(i.paramLoad)
    sin                                      0x00009001   Thumb Code   150  sin.o(i.sin)
    sqrtf                                    0x000090a1   Thumb Code    44  sqrtf.o(i.sqrtf)
    usb_CableConfig                          0x000090cd   Thumb Code    30  usb_hw.o(i.usb_CableConfig)
    usb_GetRxByte                            0x000090f1   Thumb Code    74  usb_hw.o(i.usb_GetRxByte)
    usb_GetTxWord                            0x00009141   Thumb Code   110  usb_hw.o(i.usb_GetTxWord)
    usb_Istr                                 0x000091b9   Thumb Code   100  usb_istr.o(i.usb_Istr)
    usb_PowerOn                              0x00009231   Thumb Code    54  usb_pwr.o(i.usb_PowerOn)
    usb_SaveHostDataToBuf                    0x00009271   Thumb Code    52  usb_hw.o(i.usb_SaveHostDataToBuf)
    usb_SendDataToHost                       0x000092a9   Thumb Code    64  usb_hw.o(i.usb_SendDataToHost)
    Virtual_Com_Port_DeviceDescriptor        0x000092f0   Data          18  usb_desc.o(.constdata)
    Virtual_Com_Port_ConfigDescriptor        0x00009302   Data          67  usb_desc.o(.constdata)
    Virtual_Com_Port_StringLangID            0x00009345   Data           4  usb_desc.o(.constdata)
    Virtual_Com_Port_StringVendor            0x00009349   Data          38  usb_desc.o(.constdata)
    Virtual_Com_Port_StringProduct           0x0000936f   Data          50  usb_desc.o(.constdata)
    F6x8                                     0x000093cc   Data         552  oled.o(.constdata)
    F14x16_Idx                               0x000095f4   Data          31  oled.o(.constdata)
    F14x16                                   0x00009613   Data         420  oled.o(.constdata)
    F8X16                                    0x000097b7   Data        1520  oled.o(.constdata)
    __mathlib_zero                           0x00009e70   Data           8  qnan.o(.constdata)
    Region$$Table$$Base                      0x00009f68   Number         0  anon$$obj.o(Region$$Table)
    Region$$Table$$Limit                     0x00009f88   Number         0  anon$$obj.o(Region$$Table)
    StatusInfo                               0x20000014   Data           2  usb_core.o(.data)
    Data_Mul_MaxPacketSize                   0x20000016   Data           1  usb_core.o(.data)
    EPindex                                  0x20000018   Data           1  usb_init.o(.data)
    pInformation                             0x2000001c   Data           4  usb_init.o(.data)
    pProperty                                0x20000020   Data           4  usb_init.o(.data)
    SaveState                                0x20000024   Data           2  usb_init.o(.data)
    wInterrupt_Mask                          0x20000026   Data           2  usb_init.o(.data)
    pUser_Standard_Requests                  0x20000028   Data           4  usb_init.o(.data)
    SaveRState                               0x2000002c   Data           2  usb_int.o(.data)
    SaveTState                               0x2000002e   Data           2  usb_int.o(.data)
    Virtual_Com_Port_StringSerial            0x20000030   Data          26  usb_desc.o(.data)
    wIstr                                    0x20000050   Data           2  usb_istr.o(.data)
    bIntPackSOF                              0x20000052   Data           1  usb_istr.o(.data)
    pEpInt_IN                                0x20000054   Data          28  usb_istr.o(.data)
    pEpInt_OUT                               0x20000070   Data          28  usb_istr.o(.data)
    linecoding                               0x20000090   Data           8  usb_prop.o(.data)
    Device_Table                             0x20000098   Data           2  usb_prop.o(.data)
    Device_Property                          0x2000009c   Data          48  usb_prop.o(.data)
    User_Standard_Requests                   0x200000cc   Data          36  usb_prop.o(.data)
    Device_Descriptor                        0x200000f0   Data           8  usb_prop.o(.data)
    Config_Descriptor                        0x200000f8   Data           8  usb_prop.o(.data)
    String_Descriptor                        0x20000100   Data          32  usb_prop.o(.data)
    bDeviceState                             0x20000120   Data           4  usb_pwr.o(.data)
    fSuspendEnabled                          0x20000124   Data           1  usb_pwr.o(.data)
    ResumeS                                  0x20000125   Data           2  usb_pwr.o(.data)
    LED                                      0x20000128   Data           4  led.o(.data)
    LEDBuf                                   0x2000012c   Data           1  led.o(.data)
    ADC_ConvertedValue                       0x2000012e   Data           2  adc.o(.data)
    DataVar                                  0x20000134   Data           2  eeprom.o(.data)
    CurWrAddress                             0x20000138   Data           4  eeprom.o(.data)
    Rise                                     0x2000013c   Data           8  pwm_in.o(.data)
    Drop                                     0x20000144   Data           8  pwm_in.o(.data)
    mag_limt                                 0x20000178   Data           4  hmc5883.o(.data)
    TX_ADDRESS                               0x2000018c   Data           5  nrf24l01.o(.data)
    RX_ADDRESS                               0x20000191   Data           5  nrf24l01.o(.data)
    VirtAddVarTab                            0x20000196   Data         150  algorithm_sqlite.o(.data)
    rcReadRawFunc                            0x2000022c   Data           4  multirotor_rc.o(.data)
    Battery_Voltage                          0x20000238   Data           4  multirotor_app.o(.data)
    b_IIR                                    0x20000248   Data          40  multirotor_ahrs.o(.data)
    a_IIR                                    0x20000270   Data          40  multirotor_ahrs.o(.data)
    NumQ                                     0x20000298   Data          16  multirotor_ahrs.o(.data)
    MAG                                      0x200002a8   Data           6  multirotor_ahrs.o(.data)
    i                                        0x200002c8   Data           4  multirotor_radio.o(.data)
    F                                        0x200002cc   Data           4  multirotor_radio.o(.data)
    sw                                       0x200002d0   Data           4  multirotor_radio.o(.data)
    CHK_SUM                                  0x200002d4   Data           4  multirotor_radio.o(.data)
    CH1_data                                 0x200002d8   Data           4  multirotor_radio.o(.data)
    CH2_data                                 0x200002dc   Data           4  multirotor_radio.o(.data)
    CH3_data                                 0x200002e0   Data           4  multirotor_radio.o(.data)
    CH4_data                                 0x200002e4   Data           4  multirotor_radio.o(.data)
    CH5_data                                 0x200002e8   Data           4  multirotor_radio.o(.data)
    CH6_data                                 0x200002ec   Data           4  multirotor_radio.o(.data)
    CH7_data                                 0x200002f0   Data           4  multirotor_radio.o(.data)
    CH8_data                                 0x200002f4   Data           4  multirotor_radio.o(.data)
    CH9_data                                 0x200002f8   Data           4  multirotor_radio.o(.data)
    CH10_data                                0x200002fc   Data           4  multirotor_radio.o(.data)
    CH11_data                                0x20000300   Data           4  multirotor_radio.o(.data)
    CH12_data                                0x20000304   Data           4  multirotor_radio.o(.data)
    CH13_data                                0x20000308   Data           4  multirotor_radio.o(.data)
    CH14_data                                0x2000030c   Data           4  multirotor_radio.o(.data)
    CH15_data                                0x20000310   Data           4  multirotor_radio.o(.data)
    Longitude_val                            0x20000314   Data           4  multirotor_radio.o(.data)
    Latitude_Val                             0x20000318   Data           4  multirotor_radio.o(.data)
    Altitude_Val                             0x2000031c   Data           4  multirotor_radio.o(.data)
    Dir_Val                                  0x20000320   Data           4  multirotor_radio.o(.data)
    SPD_Val                                  0x20000324   Data           4  multirotor_radio.o(.data)
    Satellite_Val                            0x20000328   Data           1  multirotor_radio.o(.data)
    Voltage_Val                              0x2000032c   Data           4  multirotor_radio.o(.data)
    Temperture_Val                           0x20000330   Data           4  multirotor_radio.o(.data)
    Longitude_WE                             0x20000334   Data           1  multirotor_radio.o(.data)
    Latitude_NS                              0x20000335   Data           1  multirotor_radio.o(.data)
    Location_Sta                             0x20000336   Data           1  multirotor_radio.o(.data)
    Pitch_PID_P                              0x20000338   Data           4  multirotor_radio.o(.data)
    Pitch_PID_I                              0x2000033c   Data           4  multirotor_radio.o(.data)
    Pitch_PID_D                              0x20000340   Data           4  multirotor_radio.o(.data)
    Roll_PID_P                               0x20000344   Data           4  multirotor_radio.o(.data)
    Roll_PID_I                               0x20000348   Data           4  multirotor_radio.o(.data)
    Roll_PID_D                               0x2000034c   Data           4  multirotor_radio.o(.data)
    Yaw_PID_P                                0x20000350   Data           4  multirotor_radio.o(.data)
    Yaw_PID_I                                0x20000354   Data           4  multirotor_radio.o(.data)
    Yaw_PID_D                                0x20000358   Data           4  multirotor_radio.o(.data)
    Alt_PID_P                                0x2000035c   Data           4  multirotor_radio.o(.data)
    Alt_PID_I                                0x20000360   Data           4  multirotor_radio.o(.data)
    Alt_PID_D                                0x20000364   Data           4  multirotor_radio.o(.data)
    Pos_PID_P                                0x20000368   Data           4  multirotor_radio.o(.data)
    Pos_PID_I                                0x2000036c   Data           4  multirotor_radio.o(.data)
    Pos_PID_D                                0x20000370   Data           4  multirotor_radio.o(.data)
    fg                                       0x20000374   Data           1  multirotor_radio.o(.data)
    Moto_duty                                0x2000037c   Data           8  multirotor_control.o(.data)
    motor_array                              0x20000384   Data           4  multirotor_control.o(.data)
    Device_Info                              0x2000038c   Data          28  usb_init.o(.bss)
    g_tUsbFifo                               0x200003a8   Data        4106  usb_hw.o(.bss)
    RC_Pwm_In                                0x200013b2   Data          16  pwm_in.o(.bss)
    RC_Pwm_In_his                            0x200013c2   Data          16  pwm_in.o(.bss)
    mpu6050_buffer                           0x200013d4   Data          14  mpu6050.o(.bss)
    sensor                                   0x200013e4   Data         104  mpu6050.o(.bss)
    HMC58X3_limit                            0x2000144c   Data          12  hmc5883.o(.bss)
    RC_Data                                  0x20001464   Data          18  multirotor_rc.o(.bss)
    flag                                     0x200014b2   Data          13  multirotor_app.o(.bss)
    InPut_IIR                                0x200014c0   Data         120  multirotor_ahrs.o(.bss)
    OutPut_IIR                               0x20001538   Data         120  multirotor_ahrs.o(.bss)
    AngE                                     0x200015b0   Data          12  multirotor_ahrs.o(.bss)
    angle                                    0x200015bc   Data          12  multirotor_ahrs.o(.bss)
    HtoEs_OutPut_Buffer                      0x200015c8   Data          63  multirotor_radio.o(.bss)
    ctrl                                     0x20001648   Data         220  multirotor_control.o(.bss)
    Target                                   0x20001724   Data          16  multirotor_control.o(.bss)
    __initial_sp                             0x20003738   Data           0  startup_stm32f10x_hd.o(STACK)



==============================================================================

Memory Map of the image

  Image Entry point : 0x00000131

  Load Region LR_IROM1 (Base: 0x00000000, Size: 0x0000a314, Max: 0x00040000, ABSOLUTE, COMPRESSED[0x0000a0d0])

    Execution Region ER_IROM1 (Base: 0x00000000, Size: 0x00009f88, Max: 0x00040000, ABSOLUTE)

    Base Addr    Size         Type   Attr      Idx    E Section Name        Object

    0x00000000   0x00000130   Data   RO          132    RESET               startup_stm32f10x_hd.o
    0x00000130   0x00000000   Code   RO         4716  * .ARM.Collect$$$$00000000  mc_w.l(entry.o)
    0x00000130   0x00000004   Code   RO         4821    .ARM.Collect$$$$00000001  mc_w.l(entry2.o)
    0x00000134   0x00000004   Code   RO         4824    .ARM.Collect$$$$00000004  mc_w.l(entry5.o)
    0x00000138   0x00000000   Code   RO         4826    .ARM.Collect$$$$00000008  mc_w.l(entry7b.o)
    0x00000138   0x00000000   Code   RO         4828    .ARM.Collect$$$$0000000A  mc_w.l(entry8b.o)
    0x00000138   0x00000008   Code   RO         4829    .ARM.Collect$$$$0000000B  mc_w.l(entry9a.o)
    0x00000140   0x00000000   Code   RO         4831    .ARM.Collect$$$$0000000D  mc_w.l(entry10a.o)
    0x00000140   0x00000000   Code   RO         4833    .ARM.Collect$$$$0000000F  mc_w.l(entry11a.o)
    0x00000140   0x00000004   Code   RO         4822    .ARM.Collect$$$$00002712  mc_w.l(entry2.o)
    0x00000144   0x00000024   Code   RO          133    .text               startup_stm32f10x_hd.o
    0x00000168   0x000000b0   Code   RO         4719    .text               mf_w.l(fadd.o)
    0x00000218   0x00000064   Code   RO         4721    .text               mf_w.l(fmul.o)
    0x0000027c   0x0000007c   Code   RO         4723    .text               mf_w.l(fdiv.o)
    0x000002f8   0x0000014e   Code   RO         4725    .text               mf_w.l(dadd.o)
    0x00000446   0x000000e4   Code   RO         4727    .text               mf_w.l(dmul.o)
    0x0000052a   0x000000de   Code   RO         4729    .text               mf_w.l(ddiv.o)
    0x00000608   0x00000012   Code   RO         4731    .text               mf_w.l(fflti.o)
    0x0000061a   0x00000022   Code   RO         4733    .text               mf_w.l(dflti.o)
    0x0000063c   0x0000001a   Code   RO         4735    .text               mf_w.l(dfltui.o)
    0x00000656   0x00000032   Code   RO         4737    .text               mf_w.l(ffixi.o)
    0x00000688   0x00000028   Code   RO         4739    .text               mf_w.l(ffixui.o)
    0x000006b0   0x0000003e   Code   RO         4741    .text               mf_w.l(dfixi.o)
    0x000006ee   0x00000032   Code   RO         4743    .text               mf_w.l(dfixui.o)
    0x00000720   0x00000026   Code   RO         4745    .text               mf_w.l(f2d.o)
    0x00000746   0x00000002   PAD
    0x00000748   0x00000030   Code   RO         4747    .text               mf_w.l(cdcmple.o)
    0x00000778   0x00000038   Code   RO         4749    .text               mf_w.l(d2f.o)
    0x000007b0   0x00000014   Code   RO         4751    .text               mf_w.l(cfcmple.o)
    0x000007c4   0x00000014   Code   RO         4753    .text               mf_w.l(cfrcmple.o)
    0x000007d8   0x0000001e   Code   RO         4835    .text               mc_w.l(llshl.o)
    0x000007f6   0x00000020   Code   RO         4837    .text               mc_w.l(llushr.o)
    0x00000816   0x00000024   Code   RO         4839    .text               mc_w.l(llsshr.o)
    0x0000083a   0x00000000   Code   RO         4848    .text               mc_w.l(iusefp.o)
    0x0000083a   0x0000006e   Code   RO         4849    .text               mf_w.l(fepilogue.o)
    0x000008a8   0x00000018   Code   RO         4851    .text               mf_w.l(fscalb.o)
    0x000008c0   0x000000ba   Code   RO         4855    .text               mf_w.l(depilogue.o)
    0x0000097a   0x00000002   PAD
    0x0000097c   0x00000024   Code   RO         4861    .text               mc_w.l(init.o)
    0x000009a0   0x0000005e   Code   RO         4863    .text               mf_w.l(fsqrt.o)
    0x000009fe   0x0000002e   Code   RO         4865    .text               mf_w.l(dscalb.o)
    0x00000a2c   0x00000056   Code   RO         4877    .text               mc_w.l(__dczerorl2.o)
    0x00000a82   0x00000002   PAD
    0x00000a84   0x00000038   Code   RO         3446    i.ADC1_GPIO_Config  adc.o
    0x00000abc   0x0000000c   Code   RO         3447    i.ADC1_Init         adc.o
    0x00000ac8   0x000000e0   Code   RO         3448    i.ADC1_Mode_Config  adc.o
    0x00000ba8   0x00000016   Code   RO         1489    i.ADC_Cmd           stm32f10x_adc.o
    0x00000bbe   0x00000016   Code   RO         1490    i.ADC_DMACmd        stm32f10x_adc.o
    0x00000bd4   0x00000016   Code   RO         1494    i.ADC_ExternalTrigConvCmd  stm32f10x_adc.o
    0x00000bea   0x00000014   Code   RO         1497    i.ADC_GetCalibrationStatus  stm32f10x_adc.o
    0x00000bfe   0x00000014   Code   RO         1503    i.ADC_GetResetCalibrationStatus  stm32f10x_adc.o
    0x00000c12   0x00000002   PAD
    0x00000c14   0x00000050   Code   RO         1507    i.ADC_Init          stm32f10x_adc.o
    0x00000c64   0x000000b8   Code   RO         1511    i.ADC_RegularChannelConfig  stm32f10x_adc.o
    0x00000d1c   0x0000000a   Code   RO         1512    i.ADC_ResetCalibration  stm32f10x_adc.o
    0x00000d26   0x00000016   Code   RO         1514    i.ADC_SoftwareStartConvCmd  stm32f10x_adc.o
    0x00000d3c   0x0000000a   Code   RO         1516    i.ADC_StartCalibration  stm32f10x_adc.o
    0x00000d46   0x00000002   PAD
    0x00000d48   0x00000278   Code   RO         4447    i.AHRS_GetQ         multirotor_ahrs.o
    0x00000fc0   0x00000280   Code   RO         4448    i.AHRS_Geteuler     multirotor_ahrs.o
    0x00001240   0x00000124   Code   RO         4449    i.AHRS_getValues    multirotor_ahrs.o
    0x00001364   0x00000254   Code   RO         4539    i.Attitude_RatePID  multirotor_control.o
    0x000015b8   0x00000004   Code   RO         4594    i.BusFault_Handler  stm32f10x_it.o
    0x000015bc   0x0000000c   Code   RO         2387    i.ByteSwap          usb_regs.o
    0x000015c8   0x000001cc   Code   RO         4540    i.CONTROL           multirotor_control.o
    0x00001794   0x00000288   Code   RO         2340    i.CTR_LP            usb_int.o
    0x00001a1c   0x00000128   Code   RO         4541    i.Calculate_Target  multirotor_control.o
    0x00001b44   0x00000034   Code   RO         2388    i.ClearDTOG_RX      usb_regs.o
    0x00001b78   0x00000034   Code   RO         2389    i.ClearDTOG_TX      usb_regs.o
    0x00001bac   0x00000028   Code   RO         2394    i.Clear_Status_Out  usb_regs.o
    0x00001bd4   0x00000018   Code   RO         1707    i.DMA_Cmd           stm32f10x_dma.o
    0x00001bec   0x0000014c   Code   RO         1708    i.DMA_DeInit        stm32f10x_dma.o
    0x00001d38   0x0000003c   Code   RO         1713    i.DMA_Init          stm32f10x_dma.o
    0x00001d74   0x000000c0   Code   RO         2164    i.DataStageIn       usb_core.o
    0x00001e34   0x000000bc   Code   RO         2165    i.DataStageOut      usb_core.o
    0x00001ef0   0x00000164   Code   RO         4273    i.Data_Parser       algorithm_sqlite.o
    0x00002054   0x00000298   Code   RO         2166    i.Data_Setup0       usb_core.o
    0x000022ec   0x00000002   Code   RO         4595    i.DebugMon_Handler  stm32f10x_it.o
    0x000022ee   0x00000002   PAD
    0x000022f0   0x0000002c   Code   RO         4225    i.Degree            algorithm_math.o
    0x0000231c   0x000001bc   Code   RO         3798    i.Dis_Float         oled.o
    0x000024d8   0x00000058   Code   RO         3623    i.EE_FindValidPage  eeprom.o
    0x00002530   0x0000003c   Code   RO         3624    i.EE_Format         eeprom.o
    0x0000256c   0x00000010   Code   RO         3625    i.EE_Init           eeprom.o
    0x0000257c   0x000000f4   Code   RO         3626    i.EE_PageTransfer   eeprom.o
    0x00002670   0x00000030   Code   RO         4274    i.EE_READ_ACC_OFFSET  algorithm_sqlite.o
    0x000026a0   0x00000140   Code   RO         4275    i.EE_READ_Attitude_PID  algorithm_sqlite.o
    0x000027e0   0x00000054   Code   RO         4276    i.EE_READ_MAG_OFFSET  algorithm_sqlite.o
    0x00002834   0x00000064   Code   RO         3627    i.EE_ReadVariable   eeprom.o
    0x00002898   0x00000038   Code   RO         4277    i.EE_SAVE_ACC_OFFSET  algorithm_sqlite.o
    0x000028d0   0x0000012c   Code   RO         4278    i.EE_SAVE_Attitude_PID  algorithm_sqlite.o
    0x000029fc   0x0000002c   Code   RO         4279    i.EE_SAVE_MAG_OFFSET  algorithm_sqlite.o
    0x00002a28   0x00000088   Code   RO         3628    i.EE_VerifyPageFullWriteVariable  eeprom.o
    0x00002ab0   0x00000024   Code   RO         3629    i.EE_WriteVariable  eeprom.o
    0x00002ad4   0x0000004c   Code   RO         2787    i.EP1_IN_Callback   usb_endp.o
    0x00002b20   0x00000020   Code   RO         2788    i.EP3_OUT_Callback  usb_endp.o
    0x00002b40   0x0000004c   Code   RO         1782    i.FLASH_ErasePage   stm32f10x_flash.o
    0x00002b8c   0x00000034   Code   RO         1783    i.FLASH_GetBank1Status  stm32f10x_flash.o
    0x00002bc0   0x00000040   Code   RO         1795    i.FLASH_ProgramHalfWord  stm32f10x_flash.o
    0x00002c00   0x00000018   Code   RO         1800    i.FLASH_Unlock      stm32f10x_flash.o
    0x00002c18   0x00000026   Code   RO         1804    i.FLASH_WaitForLastOperation  stm32f10x_flash.o
    0x00002c3e   0x00000002   PAD
    0x00002c40   0x00000074   Code   RO         3081    i.FailSafeLEDAlarm  led.o
    0x00002cb4   0x0000001c   Code   RO         4481    i.Float2Byte        multirotor_radio.o
    0x00002cd0   0x00000116   Code   RO          563    i.GPIO_Init         stm32f10x_gpio.o
    0x00002de6   0x00000002   PAD
    0x00002de8   0x00000090   Code   RO          565    i.GPIO_PinRemapConfig  stm32f10x_gpio.o
    0x00002e78   0x00000012   Code   RO          567    i.GPIO_ReadInputDataBit  stm32f10x_gpio.o
    0x00002e8a   0x00000004   Code   RO          570    i.GPIO_ResetBits    stm32f10x_gpio.o
    0x00002e8e   0x00000004   Code   RO          571    i.GPIO_SetBits      stm32f10x_gpio.o
    0x00002e92   0x00000002   PAD
    0x00002e94   0x00000020   Code   RO         2406    i.GetEPRxAddr       usb_regs.o
    0x00002eb4   0x00000024   Code   RO         2407    i.GetEPRxCount      usb_regs.o
    0x00002ed8   0x00000020   Code   RO         2409    i.GetEPTxAddr       usb_regs.o
    0x00002ef8   0x00000034   Code   RO         2828    i.Get_SerialNum     usb_hw.o
    0x00002f2c   0x000001a8   Code   RO         4070    i.Gyro_OFFSET       mpu6050.o
    0x000030d4   0x00000178   Code   RO         4107    i.HMC5883lRead      hmc5883.o
    0x0000324c   0x00000004   Code   RO         4596    i.HardFault_Handler  stm32f10x_it.o
    0x00003250   0x00000070   Code   RO         4482    i.HtoEs_Attitude_Data_Generate  multirotor_radio.o
    0x000032c0   0x000001b4   Code   RO         4483    i.HtoEs_Chart_Data_Generate  multirotor_radio.o
    0x00003474   0x00000140   Code   RO         4484    i.HtoEs_GPS_Data_Generate  multirotor_radio.o
    0x000035b4   0x0000021c   Code   RO         4485    i.HtoEs_PID_Data_Generate  multirotor_radio.o
    0x000037d0   0x000000cc   Code   RO         4486    i.HtoEs_RC_Data_Generate  multirotor_radio.o
    0x0000389c   0x00000008   Code   RO         3708    i.I2C1_ER_IRQHandler  hard_i2c.o
    0x000038a4   0x00000008   Code   RO         3709    i.I2C1_EV_IRQHandler  hard_i2c.o
    0x000038ac   0x00000008   Code   RO         3710    i.I2C2_ER_IRQHandler  hard_i2c.o
    0x000038b4   0x00000008   Code   RO         3711    i.I2C2_EV_IRQHandler  hard_i2c.o
    0x000038bc   0x00000018   Code   RO         1952    i.I2C_AcknowledgeConfig  stm32f10x_i2c.o
    0x000038d4   0x00000018   Code   RO         1957    i.I2C_Cmd           stm32f10x_i2c.o
    0x000038ec   0x00000038   Code   RO         1960    i.I2C_DeInit        stm32f10x_i2c.o
    0x00003924   0x00000018   Code   RO         1964    i.I2C_GenerateSTART  stm32f10x_i2c.o
    0x0000393c   0x00000018   Code   RO         1965    i.I2C_GenerateSTOP  stm32f10x_i2c.o
    0x00003954   0x00000012   Code   RO         1970    i.I2C_ITConfig      stm32f10x_i2c.o
    0x00003966   0x00000002   PAD
    0x00003968   0x000000ec   Code   RO         1971    i.I2C_Init          stm32f10x_i2c.o
    0x00003a54   0x00000012   Code   RO         1978    i.I2C_Send7bitAddress  stm32f10x_i2c.o
    0x00003a66   0x0000001e   Code   RO         1982    i.I2C_StructInit    stm32f10x_i2c.o
    0x00003a84   0x000000f2   Code   RO         4201    i.IIR_I_Filter      algorithm_filter.o
    0x00003b76   0x00000002   PAD
    0x00003b78   0x00000070   Code   RO         2167    i.In0_Process       usb_core.o
    0x00003be8   0x0000003c   Code   RO         4404    i.InitBoard         multirotor_app.o
    0x00003c24   0x00000064   Code   RO         3630    i.InitCurrWrAddress  eeprom.o
    0x00003c88   0x0000004c   Code   RO         4071    i.InitMPU6050       mpu6050.o
    0x00003cd4   0x0000004a   Code   RO         4108    i.Init_HMC5883L     hmc5883.o
    0x00003d1e   0x0000003e   Code   RO         2829    i.IntToUnicode      usb_hw.o
    0x00003d5c   0x00000060   Code   RO         3082    i.LEDReflash        led.o
    0x00003dbc   0x000000c0   Code   RO         3083    i.LED_Fsm           led.o
    0x00003e7c   0x00000074   Code   RO         3084    i.LED_GPIO_Config   led.o
    0x00003ef0   0x00000070   Code   RO         3085    i.LED_SHOW          led.o
    0x00003f60   0x00000032   Code   RO         4203    i.LPF_1st           algorithm_filter.o
    0x00003f92   0x00000002   PAD
    0x00003f94   0x00000194   Code   RO         4072    i.MPU6050_Dataanl   mpu6050.o
    0x00004128   0x00000014   Code   RO         4073    i.MPU6050_Read      mpu6050.o
    0x0000413c   0x00000288   Code   RO         4109    i.Mag_Calibration   hmc5883.o
    0x000043c4   0x00000004   Code   RO         4597    i.MemManage_Handler  stm32f10x_it.o
    0x000043c8   0x00000128   Code   RO         4542    i.Motor_Conter      multirotor_control.o
    0x000044f0   0x00000002   Code   RO         4598    i.NMI_Handler       stm32f10x_it.o
    0x000044f2   0x00000002   Code   RO         2168    i.NOP_Process       usb_core.o
    0x000044f4   0x0000004c   Code   RO         4138    i.NRF24L01_Check    nrf24l01.o
    0x00004540   0x00000024   Code   RO         4139    i.NRF24L01_Init     nrf24l01.o
    0x00004564   0x000000f8   Code   RO         4140    i.NRF24L01_Mode     nrf24l01.o
    0x0000465c   0x00000044   Code   RO         4141    i.NRF24L01_Read_Buf  nrf24l01.o
    0x000046a0   0x00000044   Code   RO         4145    i.NRF24L01_Write_Buf  nrf24l01.o
    0x000046e4   0x00000030   Code   RO         4146    i.NRF24L01_Write_Reg  nrf24l01.o
    0x00004714   0x00000070   Code   RO          341    i.NVIC_Init         misc.o
    0x00004784   0x00000014   Code   RO          342    i.NVIC_PriorityGroupConfig  misc.o
    0x00004798   0x00000138   Code   RO         2169    i.NoData_Setup0     usb_core.o
    0x000048d0   0x00000046   Code   RO         3474    i.Nvic_Init         time.o
    0x00004916   0x00000086   Code   RO         3803    i.OLED_4num         oled.o
    0x0000499c   0x00000018   Code   RO         3805    i.OLED_DLY_ms       oled.o
    0x000049b4   0x0000003a   Code   RO         3806    i.OLED_Fill         oled.o
    0x000049ee   0x00000002   PAD
    0x000049f0   0x00000118   Code   RO         3807    i.OLED_Init         oled.o
    0x00004b08   0x00000040   Code   RO         3808    i.OLED_Num          oled.o
    0x00004b48   0x00000064   Code   RO         3812    i.OLED_P6x8Str      oled.o
    0x00004bac   0x00000024   Code   RO         3816    i.OLED_Set_Pos      oled.o
    0x00004bd0   0x00000060   Code   RO         3817    i.OLED_WR_Byte      oled.o
    0x00004c30   0x00000058   Code   RO         3818    i.OLED_WrCmd        oled.o
    0x00004c88   0x0000005c   Code   RO         3819    i.OLED_WrDat        oled.o
    0x00004ce4   0x00000050   Code   RO         2170    i.Out0_Process      usb_core.o
    0x00004d34   0x00000028   Code   RO         2369    i.PMAToUserBufferCopy  usb_mem.o
    0x00004d5c   0x00000124   Code   RO         3683    i.PWM_IN_Config     pwm_in.o
    0x00004e80   0x00000030   Code   RO         3495    i.PWM_OUT_Config    moto.o
    0x00004eb0   0x00000002   Code   RO         4599    i.PendSV_Handler    stm32f10x_it.o
    0x00004eb2   0x00000002   PAD
    0x00004eb4   0x00000048   Code   RO         2171    i.Post0_Process     usb_core.o
    0x00004efc   0x00000050   Code   RO         4226    i.Q_rsqrt           algorithm_math.o
    0x00004f4c   0x0000007a   Code   RO         4331    i.Quaternion_Normalize  algorithm_quaternion.o
    0x00004fc6   0x00000120   Code   RO         4332    i.Quaternion_RungeKutta  algorithm_quaternion.o
    0x000050e6   0x00000002   PAD
    0x000050e8   0x00000134   Code   RO         4333    i.Quaternion_ToAngE  algorithm_quaternion.o
    0x0000521c   0x00000094   Code   RO         4335    i.Quaternion_vectorGravity  algorithm_quaternion.o
    0x000052b0   0x00000018   Code   RO          137    i.RCC_ADCCLKConfig  stm32f10x_rcc.o
    0x000052c8   0x00000020   Code   RO          138    i.RCC_AHBPeriphClockCmd  stm32f10x_rcc.o
    0x000052e8   0x00000020   Code   RO          139    i.RCC_APB1PeriphClockCmd  stm32f10x_rcc.o
    0x00005308   0x00000020   Code   RO          140    i.RCC_APB1PeriphResetCmd  stm32f10x_rcc.o
    0x00005328   0x00000020   Code   RO          141    i.RCC_APB2PeriphClockCmd  stm32f10x_rcc.o
    0x00005348   0x00000020   Code   RO          142    i.RCC_APB2PeriphResetCmd  stm32f10x_rcc.o
    0x00005368   0x000000d8   Code   RO          149    i.RCC_GetClocksFreq  stm32f10x_rcc.o
    0x00005440   0x0000000c   Code   RO          167    i.RCC_USBCLKConfig  stm32f10x_rcc.o
    0x0000544c   0x00000158   Code   RO         4372    i.RC_Data_Refine    multirotor_rc.o
    0x000055a4   0x00000104   Code   RO         4373    i.RC_directive      multirotor_rc.o
    0x000056a8   0x00000014   Code   RO         4374    i.RDAU              multirotor_rc.o
    0x000056bc   0x00000018   Code   RO         4543    i.Reset_Integral    multirotor_control.o
    0x000056d4   0x00000030   Code   RO         2789    i.SOF_Callback      usb_endp.o
    0x00005704   0x000000f4   Code   RO         3291    i.SPI3_Config       spi.o
    0x000057f8   0x00000054   Code   RO         3292    i.SPI3_ReadWriteByte  spi.o
    0x0000584c   0x00000018   Code   RO          796    i.SPI_Cmd           stm32f10x_spi.o
    0x00005864   0x00000012   Code   RO          804    i.SPI_I2S_GetFlagStatus  stm32f10x_spi.o
    0x00005876   0x00000006   Code   RO          807    i.SPI_I2S_ReceiveData  stm32f10x_spi.o
    0x0000587c   0x00000004   Code   RO          808    i.SPI_I2S_SendData  stm32f10x_spi.o
    0x00005880   0x0000003c   Code   RO          809    i.SPI_Init          stm32f10x_spi.o
    0x000058bc   0x00000002   Code   RO         4600    i.SVC_Handler       stm32f10x_it.o
    0x000058be   0x00000002   PAD
    0x000058c0   0x00000090   Code   RO         4405    i.Screen_Update     multirotor_app.o
    0x00005950   0x0000008c   Code   RO         4406    i.Sensor_Init       multirotor_app.o
    0x000059dc   0x00000010   Code   RO         2417    i.SetBTABLE         usb_regs.o
    0x000059ec   0x00000050   Code   RO         2172    i.SetDeviceAddress  usb_core.o
    0x00005a3c   0x00000024   Code   RO         2431    i.SetEPRxAddr       usb_regs.o
    0x00005a60   0x0000004c   Code   RO         2432    i.SetEPRxCount      usb_regs.o
    0x00005aac   0x00000040   Code   RO         2433    i.SetEPRxStatus     usb_regs.o
    0x00005aec   0x00000034   Code   RO         2434    i.SetEPRxValid      usb_regs.o
    0x00005b20   0x00000020   Code   RO         2435    i.SetEPTxAddr       usb_regs.o
    0x00005b40   0x0000001c   Code   RO         2436    i.SetEPTxCount      usb_regs.o
    0x00005b5c   0x00000040   Code   RO         2437    i.SetEPTxStatus     usb_regs.o
    0x00005b9c   0x00000034   Code   RO         2438    i.SetEPTxValid      usb_regs.o
    0x00005bd0   0x00000024   Code   RO         2439    i.SetEPType         usb_regs.o
    0x00005bf4   0x00000008   Code   RO            1    i.SetSysClock       system_stm32f10x.o
    0x00005bfc   0x000000e0   Code   RO            2    i.SetSysClockTo72   system_stm32f10x.o
    0x00005cdc   0x000000b8   Code   RO         2173    i.Setup0_Process    usb_core.o
    0x00005d94   0x0000016c   Code   RO         2174    i.Standard_ClearFeature  usb_core.o
    0x00005f00   0x0000002c   Code   RO         2175    i.Standard_GetConfiguration  usb_core.o
    0x00005f2c   0x00000024   Code   RO         2176    i.Standard_GetDescriptorData  usb_core.o
    0x00005f50   0x0000002c   Code   RO         2177    i.Standard_GetInterface  usb_core.o
    0x00005f7c   0x00000100   Code   RO         2178    i.Standard_GetStatus  usb_core.o
    0x0000607c   0x00000048   Code   RO         2179    i.Standard_SetConfiguration  usb_core.o
    0x000060c4   0x00000028   Code   RO         2180    i.Standard_SetDeviceFeature  usb_core.o
    0x000060ec   0x000000d0   Code   RO         2181    i.Standard_SetEndPointFeature  usb_core.o
    0x000061bc   0x0000006c   Code   RO         2182    i.Standard_SetInterface  usb_core.o
    0x00006228   0x00000060   Code   RO            4    i.SystemInit        system_stm32f10x.o
    0x00006288   0x00000080   Code   RO          935    i.TI1_Config        stm32f10x_tim.o
    0x00006308   0x00000098   Code   RO          936    i.TI2_Config        stm32f10x_tim.o
    0x000063a0   0x00000090   Code   RO          937    i.TI3_Config        stm32f10x_tim.o
    0x00006430   0x00000098   Code   RO          938    i.TI4_Config        stm32f10x_tim.o
    0x000064c8   0x000001f4   Code   RO         3684    i.TIM2_IRQHandler   pwm_in.o
    0x000066bc   0x00000050   Code   RO         3475    i.TIM3_Config       time.o
    0x0000670c   0x00000038   Code   RO         4601    i.TIM3_IRQHandler   stm32f10x_it.o
    0x00006744   0x00000018   Code   RO          939    i.TIM_ARRPreloadConfig  stm32f10x_tim.o
    0x0000675c   0x00000006   Code   RO          945    i.TIM_ClearFlag     stm32f10x_tim.o
    0x00006762   0x00000006   Code   RO          946    i.TIM_ClearITPendingBit  stm32f10x_tim.o
    0x00006768   0x00000018   Code   RO          951    i.TIM_Cmd           stm32f10x_tim.o
    0x00006780   0x000001e8   Code   RO          956    i.TIM_DeInit        stm32f10x_tim.o
    0x00006968   0x00000006   Code   RO          966    i.TIM_GetCapture1   stm32f10x_tim.o
    0x0000696e   0x00000006   Code   RO          967    i.TIM_GetCapture2   stm32f10x_tim.o
    0x00006974   0x00000006   Code   RO          968    i.TIM_GetCapture3   stm32f10x_tim.o
    0x0000697a   0x00000008   Code   RO          969    i.TIM_GetCapture4   stm32f10x_tim.o
    0x00006982   0x00000022   Code   RO          972    i.TIM_GetITStatus   stm32f10x_tim.o
    0x000069a4   0x000000ac   Code   RO          974    i.TIM_ICInit        stm32f10x_tim.o
    0x00006a50   0x00000012   Code   RO          976    i.TIM_ITConfig      stm32f10x_tim.o
    0x00006a62   0x00000002   PAD
    0x00006a64   0x00000098   Code   RO          980    i.TIM_OC1Init       stm32f10x_tim.o
    0x00006afc   0x00000012   Code   RO          982    i.TIM_OC1PolarityConfig  stm32f10x_tim.o
    0x00006b0e   0x00000012   Code   RO          983    i.TIM_OC1PreloadConfig  stm32f10x_tim.o
    0x00006b20   0x000000a4   Code   RO          985    i.TIM_OC2Init       stm32f10x_tim.o
    0x00006bc4   0x0000001a   Code   RO          987    i.TIM_OC2PolarityConfig  stm32f10x_tim.o
    0x00006bde   0x0000001a   Code   RO          988    i.TIM_OC2PreloadConfig  stm32f10x_tim.o
    0x00006bf8   0x000000a0   Code   RO          990    i.TIM_OC3Init       stm32f10x_tim.o
    0x00006c98   0x0000001a   Code   RO          992    i.TIM_OC3PolarityConfig  stm32f10x_tim.o
    0x00006cb2   0x00000012   Code   RO          993    i.TIM_OC3PreloadConfig  stm32f10x_tim.o
    0x00006cc4   0x0000007c   Code   RO          995    i.TIM_OC4Init       stm32f10x_tim.o
    0x00006d40   0x0000001a   Code   RO          996    i.TIM_OC4PolarityConfig  stm32f10x_tim.o
    0x00006d5a   0x0000001a   Code   RO          997    i.TIM_OC4PreloadConfig  stm32f10x_tim.o
    0x00006d74   0x00000012   Code   RO         1017    i.TIM_SetIC1Prescaler  stm32f10x_tim.o
    0x00006d86   0x0000001a   Code   RO         1018    i.TIM_SetIC2Prescaler  stm32f10x_tim.o
    0x00006da0   0x00000012   Code   RO         1019    i.TIM_SetIC3Prescaler  stm32f10x_tim.o
    0x00006db2   0x0000001a   Code   RO         1020    i.TIM_SetIC4Prescaler  stm32f10x_tim.o
    0x00006dcc   0x000000a4   Code   RO         1022    i.TIM_TimeBaseInit  stm32f10x_tim.o
    0x00006e70   0x000000a0   Code   RO         3496    i.Tim4_init         moto.o
    0x00006f10   0x00000060   Code   RO         4407    i.Time_slice        multirotor_app.o
    0x00006f70   0x0000003c   Code   RO         2316    i.USB_Init          usb_init.o
    0x00006fac   0x00000008   Code   RO         4602    i.USB_LP_CAN1_RX0_IRQHandler  stm32f10x_it.o
    0x00006fb4   0x00000024   Code   RO         2747    i.USB_SIL_Init      usb_sil.o
    0x00006fd8   0x0000002e   Code   RO         2748    i.USB_SIL_Read      usb_sil.o
    0x00007006   0x00000004   Code   RO         4603    i.UsageFault_Handler  stm32f10x_it.o
    0x0000700a   0x00000002   PAD
    0x0000700c   0x00000088   Code   RO         4487    i.UsbCmdPro         multirotor_radio.o
    0x00007094   0x00000038   Code   RO         2370    i.UserToPMABufferCopy  usb_mem.o
    0x000070cc   0x0000006c   Code   RO         4227    i.VariableParameter  algorithm_math.o
    0x00007138   0x00000064   Code   RO         2938    i.Virtual_Com_Port_Data_Setup  usb_prop.o
    0x0000719c   0x00000014   Code   RO         2939    i.Virtual_Com_Port_GetConfigDescriptor  usb_prop.o
    0x000071b0   0x00000014   Code   RO         2940    i.Virtual_Com_Port_GetDeviceDescriptor  usb_prop.o
    0x000071c4   0x0000001c   Code   RO         2941    i.Virtual_Com_Port_GetLineCoding  usb_prop.o
    0x000071e0   0x00000028   Code   RO         2942    i.Virtual_Com_Port_GetStringDescriptor  usb_prop.o
    0x00007208   0x00000016   Code   RO         2943    i.Virtual_Com_Port_Get_Interface_Setting  usb_prop.o
    0x0000721e   0x00000002   PAD
    0x00007220   0x00000028   Code   RO         2944    i.Virtual_Com_Port_NoData_Setup  usb_prop.o
    0x00007248   0x000000e8   Code   RO         2945    i.Virtual_Com_Port_Reset  usb_prop.o
    0x00007330   0x00000018   Code   RO         2946    i.Virtual_Com_Port_SetConfiguration  usb_prop.o
    0x00007348   0x0000000c   Code   RO         2947    i.Virtual_Com_Port_SetDeviceAddress  usb_prop.o
    0x00007354   0x0000001c   Code   RO         2948    i.Virtual_Com_Port_SetLineCoding  usb_prop.o
    0x00007370   0x00000014   Code   RO         2949    i.Virtual_Com_Port_Status_In  usb_prop.o
    0x00007384   0x00000002   Code   RO         2950    i.Virtual_Com_Port_Status_Out  usb_prop.o
    0x00007386   0x00000002   PAD
    0x00007388   0x0000002c   Code   RO         2951    i.Virtual_Com_Port_init  usb_prop.o
    0x000073b4   0x00000028   Code   RO         4857    i.__ARM_fpclassify  m_ws.l(fpclassify.o)
    0x000073dc   0x00000026   Code   RO         4782    i.__ARM_fpclassifyf  m_ws.l(fpclassifyf.o)
    0x00007402   0x00000002   PAD
    0x00007404   0x000001fc   Code   RO         3631    i.__EE_Init         eeprom.o
    0x00007600   0x00000388   Code   RO         4799    i.__ieee754_rem_pio2  m_ws.l(rred.o)
    0x00007988   0x000000fc   Code   RO         4765    i.__kernel_cos      m_ws.l(cos_i.o)
    0x00007a84   0x000000aa   Code   RO         4859    i.__kernel_poly     m_ws.l(poly.o)
    0x00007b2e   0x00000002   PAD
    0x00007b30   0x000000ec   Code   RO         4807    i.__kernel_sin      m_ws.l(sin_i.o)
    0x00007c1c   0x00000006   Code   RO         4769    i.__mathlib_dbl_infnan  m_ws.l(dunder.o)
    0x00007c22   0x00000004   Code   RO         4770    i.__mathlib_dbl_infnan2  m_ws.l(dunder.o)
    0x00007c26   0x0000000c   Code   RO         4771    i.__mathlib_dbl_invalid  m_ws.l(dunder.o)
    0x00007c32   0x00000002   PAD
    0x00007c34   0x00000010   Code   RO         4774    i.__mathlib_dbl_underflow  m_ws.l(dunder.o)
    0x00007c44   0x00000006   Code   RO         4785    i.__mathlib_flt_infnan  m_ws.l(funder.o)
    0x00007c4a   0x00000004   Code   RO         4786    i.__mathlib_flt_infnan2  m_ws.l(funder.o)
    0x00007c4e   0x00000008   Code   RO         4787    i.__mathlib_flt_invalid  m_ws.l(funder.o)
    0x00007c56   0x0000000a   Code   RO         4790    i.__mathlib_flt_underflow  m_ws.l(funder.o)
    0x00007c60   0x0000000e   Code   RO         4871    i.__scatterload_copy  mc_w.l(handlers.o)
    0x00007c6e   0x00000002   Code   RO         4872    i.__scatterload_null  mc_w.l(handlers.o)
    0x00007c70   0x0000000e   Code   RO         4873    i.__scatterload_zeroinit  mc_w.l(handlers.o)
    0x00007c7e   0x00000006   Code   RO         2830    i.__set_PRIMASK     usb_hw.o
    0x00007c84   0x0000000c   Code   RO         4843    i.__set_errno       mc_w.l(errno.o)
    0x00007c90   0x00000016   Code   RO         4228    i.array_assign      algorithm_math.o
    0x00007ca6   0x00000002   PAD
    0x00007ca8   0x00000124   Code   RO         4661    i.asinf             m_ws.l(asinf.o)
    0x00007dcc   0x00000220   Code   RO         4756    i.atan              m_ws.l(atan.o)
    0x00007fec   0x00000180   Code   RO         4669    i.atan2             m_ws.l(atan2.o)
    0x0000816c   0x0000025c   Code   RO         4677    i.atan2f            m_ws.l(atan2f.o)
    0x000083c8   0x00000080   Code   RO         2831    i.bsp_InitUsb       usb_hw.o
    0x00008448   0x0000009c   Code   RO         4685    i.cos               m_ws.l(cos.o)
    0x000084e4   0x00000024   Code   RO         4230    i.data_limit        algorithm_math.o
    0x00008508   0x00000018   Code   RO         3591    i.delay             delay.o
    0x00008520   0x00000040   Code   RO         3592    i.delay_init        delay.o
    0x00008560   0x00000020   Code   RO         3713    i.i2cHandleHardwareFailure  hard_i2c.o
    0x00008580   0x000000d4   Code   RO         3714    i.i2cInit           hard_i2c.o
    0x00008654   0x000000ec   Code   RO         3715    i.i2cRead           hard_i2c.o
    0x00008740   0x000000f0   Code   RO         3716    i.i2cUnstick        hard_i2c.o
    0x00008830   0x00000014   Code   RO         3717    i.i2cWrite          hard_i2c.o
    0x00008844   0x000000ec   Code   RO         3718    i.i2cWriteBuffer    hard_i2c.o
    0x00008930   0x000000cc   Code   RO         3719    i.i2c_er_handler    hard_i2c.o
    0x000089fc   0x000003d4   Code   RO         3720    i.i2c_ev_handler    hard_i2c.o
    0x00008dd0   0x00000040   Code   RO         4408    i.loop              multirotor_app.o
    0x00008e10   0x00000024   Code   RO         4582    i.main              main.o
    0x00008e34   0x000000ac   Code   RO         4488    i.mavlink           multirotor_radio.o
    0x00008ee0   0x0000006c   Code   RO         3497    i.moto_PwmRflash    moto.o
    0x00008f4c   0x0000001c   Code   RO         3498    i.moto_STOP         moto.o
    0x00008f68   0x00000098   Code   RO         4280    i.paramLoad         algorithm_sqlite.o
    0x00009000   0x000000a0   Code   RO         4701    i.sin               m_ws.l(sin.o)
    0x000090a0   0x0000002c   Code   RO         4814    i.sqrtf             m_ws.l(sqrtf.o)
    0x000090cc   0x00000024   Code   RO         2832    i.usb_CableConfig   usb_hw.o
    0x000090f0   0x00000050   Code   RO         2834    i.usb_GetRxByte     usb_hw.o
    0x00009140   0x00000078   Code   RO         2835    i.usb_GetTxWord     usb_hw.o
    0x000091b8   0x00000078   Code   RO         2920    i.usb_Istr          usb_istr.o
    0x00009230   0x00000040   Code   RO         3040    i.usb_PowerOn       usb_pwr.o
    0x00009270   0x00000038   Code   RO         2837    i.usb_SaveHostDataToBuf  usb_hw.o
    0x000092a8   0x00000048   Code   RO         2839    i.usb_SendDataToHost  usb_hw.o
    0x000092f0   0x000000b1   Data   RO         2774    .constdata          usb_desc.o
    0x000093a1   0x00000003   PAD
    0x000093a4   0x00000028   Data   RO         3721    .constdata          hard_i2c.o
    0x000093cc   0x000009db   Data   RO         3841    .constdata          oled.o
    0x00009da7   0x00000001   PAD
    0x00009da8   0x00000098   Data   RO         4757    .constdata          m_ws.l(atan.o)
    0x00009e40   0x00000030   Data   RO         4766    .constdata          m_ws.l(cos_i.o)
    0x00009e70   0x00000008   Data   RO         4798    .constdata          m_ws.l(qnan.o)
    0x00009e78   0x000000c8   Data   RO         4801    .constdata          m_ws.l(rred.o)
    0x00009f40   0x00000028   Data   RO         4808    .constdata          m_ws.l(sin_i.o)
    0x00009f68   0x00000020   Data   RO         4869    Region$$Table       anon$$obj.o


    Execution Region RW_IRAM1 (Base: 0x20000000, Size: 0x00003738, Max: 0x00020000, ABSOLUTE, COMPRESSED[0x00000148])

    Base Addr    Size         Type   Attr      Idx    E Section Name        Object

    0x20000000   0x00000014   Data   RW          169    .data               stm32f10x_rcc.o
    0x20000014   0x00000003   Data   RW         2183    .data               usb_core.o
    0x20000017   0x00000001   PAD
    0x20000018   0x00000014   Data   RW         2318    .data               usb_init.o
    0x2000002c   0x00000004   Data   RW         2341    .data               usb_int.o
    0x20000030   0x0000001a   Data   RW         2775    .data               usb_desc.o
    0x2000004a   0x00000002   PAD
    0x2000004c   0x00000004   Data   RW         2790    .data               usb_endp.o
    0x20000050   0x0000003c   Data   RW         2921    .data               usb_istr.o
    0x2000008c   0x00000094   Data   RW         2952    .data               usb_prop.o
    0x20000120   0x00000007   Data   RW         3044    .data               usb_pwr.o
    0x20000127   0x00000001   PAD
    0x20000128   0x00000005   Data   RW         3086    .data               led.o
    0x2000012d   0x00000001   PAD
    0x2000012e   0x00000002   Data   RW         3449    .data               adc.o
    0x20000130   0x00000004   Data   RW         3595    .data               delay.o
    0x20000134   0x00000008   Data   RW         3632    .data               eeprom.o
    0x2000013c   0x00000010   Data   RW         3686    .data               pwm_in.o
    0x2000014c   0x0000001b   Data   RW         3722    .data               hard_i2c.o
    0x20000167   0x00000001   PAD
    0x20000168   0x0000000d   Data   RW         4075    .data               mpu6050.o
    0x20000175   0x00000003   PAD
    0x20000178   0x00000014   Data   RW         4111    .data               hmc5883.o
    0x2000018c   0x0000000a   Data   RW         4147    .data               nrf24l01.o
    0x20000196   0x00000096   Data   RW         4281    .data               algorithm_sqlite.o
    0x2000022c   0x00000009   Data   RW         4376    .data               multirotor_rc.o
    0x20000235   0x00000003   PAD
    0x20000238   0x0000000a   Data   RW         4410    .data               multirotor_app.o
    0x20000242   0x00000006   PAD
    0x20000248   0x00000080   Data   RW         4451    .data               multirotor_ahrs.o
    0x200002c8   0x000000b2   Data   RW         4490    .data               multirotor_radio.o
    0x2000037a   0x00000002   PAD
    0x2000037c   0x0000000c   Data   RW         4545    .data               multirotor_control.o
    0x20000388   0x00000004   Data   RW         4844    .data               mc_w.l(errno.o)
    0x2000038c   0x0000001c   Zero   RW         2317    .bss                usb_init.o
    0x200003a8   0x0000100a   Zero   RW         2840    .bss                usb_hw.o
    0x200013b2   0x00000020   Zero   RW         3685    .bss                pwm_in.o
    0x200013d2   0x00000002   PAD
    0x200013d4   0x00000078   Zero   RW         4074    .bss                mpu6050.o
    0x2000144c   0x00000018   Zero   RW         4110    .bss                hmc5883.o
    0x20001464   0x0000004e   Zero   RW         4375    .bss                multirotor_rc.o
    0x200014b2   0x0000000d   Zero   RW         4409    .bss                multirotor_app.o
    0x200014bf   0x00000001   PAD
    0x200014c0   0x00000108   Zero   RW         4450    .bss                multirotor_ahrs.o
    0x200015c8   0x00000080   Zero   RW         4489    .bss                multirotor_radio.o
    0x20001648   0x000000ec   Zero   RW         4544    .bss                multirotor_control.o
    0x20001734   0x00000004   PAD
    0x20001738   0x00002000   Zero   RW          130    STACK               startup_stm32f10x_hd.o


==============================================================================

Image component sizes


      Code (inc. data)   RO Data    RW Data    ZI Data      Debug   Object Name

       292         18          0          2          0       2049   adc.o
       292          0          0          0          0       1621   algorithm_filter.o
       290         30          0          0          0       3515   algorithm_math.o
       866          6          0          0          0       3446   algorithm_quaternion.o
      1360        126          0        150          0       4991   algorithm_sqlite.o
         0          0          0          0          0         32   core_cm3.o
        88          8          0          4          0       1141   delay.o
      1288         86          0          8          0       7570   eeprom.o
      2192        186         40         27          0       8724   hard_i2c.o
      1098         66          0         20         24       2818   hmc5883.o
       632         56          0          5          0     228567   led.o
        36          4          0          0          0        435   main.o
       132         22          0          0          0       1619   misc.o
       344         20          0          0          0       2430   moto.o
       924         40          0         13        120       4617   mpu6050.o
      1564        130          0        128        264       4508   multirotor_ahrs.o
       504         58          0         10         13       3501   multirotor_app.o
      1672        114          0         12        236       4876   multirotor_control.o
      1948        276          0        178        128       7786   multirotor_radio.o
       624         52          0          9         78       3563   multirotor_rc.o
       544         44          0         10          0       4407   nrf24l01.o
      1416         32       2523          0          0       7903   oled.o
       792         24          0         16         32       2062   pwm_in.o
       328         24          0          0          0       1291   spi.o
        36          8        304          0       8192        884   startup_stm32f10x_hd.o
       412         10          0          0          0       8163   stm32f10x_adc.o
       416          8          0          0          0       3526   stm32f10x_dma.o
       254         24          0          0          0       3033   stm32f10x_flash.o
       448          6          0          0          0       4610   stm32f10x_gpio.o
       454         20          0          0          0       7087   stm32f10x_i2c.o
        88         10          0          0          0       4195   stm32f10x_it.o
       412         66          0         20          0       7410   stm32f10x_rcc.o
       112          0          0          0          0       3962   stm32f10x_spi.o
      2410        264          0          0          0      21623   stm32f10x_tim.o
       328         28          0          0          0     289741   system_stm32f10x.o
       150          4          0          0          0       1002   time.o
      3058        288          0          3          0      17895   usb_core.o
         0          0        177         26          0       1091   usb_desc.o
       156         14          0          4          0       2416   usb_endp.o
       612         48          0          0       4106      22789   usb_hw.o
        60         24          0         20         28       4158   usb_init.o
       648         32          0          4          0       1780   usb_int.o
       120         20          0         60          0       1404   usb_istr.o
        96         10          0          0          0       1820   usb_mem.o
       632        104          0        148          0      11497   usb_prop.o
        64         10          0          7          0       1973   usb_pwr.o
       712        100          0          0          0       9975   usb_regs.o
        82          8          0          0          0       1506   usb_sil.o

    ----------------------------------------------------------------------
     31022       2528       3080        904      13228     747012   Object Totals
         0          0         32          0          0          0   (incl. Generated)
        36          0          4         20          7          0   (incl. Padding)

    ----------------------------------------------------------------------

      Code (inc. data)   RO Data    RW Data    ZI Data      Debug   Library Member Name

       292         38          0          0          0        120   asinf.o
       544         70        152          0          0        124   atan.o
       384         38          0          0          0        144   atan2.o
       604         76          0          0          0        116   atan2f.o
       156          8          0          0          0        104   cos.o
       252         22         48          0          0        124   cos_i.o
        38          6          0          0          0        272   dunder.o
        40          0          0          0          0         68   fpclassify.o
        38          0          0          0          0         68   fpclassifyf.o
        28          0          0          0          0        272   funder.o
       170          0          0          0          0         96   poly.o
         0          0          8          0          0          0   qnan.o
       904         76        200          0          0        140   rred.o
       160         10          0          0          0        108   sin.o
       236         12         40          0          0        128   sin_i.o
        44          0          0          0          0         80   sqrtf.o
        86          0          0          0          0          0   __dczerorl2.o
         0          0          0          0          0          0   entry.o
         0          0          0          0          0          0   entry10a.o
         0          0          0          0          0          0   entry11a.o
         8          4          0          0          0          0   entry2.o
         4          0          0          0          0          0   entry5.o
         0          0          0          0          0          0   entry7b.o
         0          0          0          0          0          0   entry8b.o
         8          4          0          0          0          0   entry9a.o
        12          6          0          4          0         68   errno.o
        30          0          0          0          0          0   handlers.o
        36          8          0          0          0         68   init.o
         0          0          0          0          0          0   iusefp.o
        30          0          0          0          0         68   llshl.o
        36          0          0          0          0         68   llsshr.o
        32          0          0          0          0         68   llushr.o
        48          0          0          0          0         68   cdcmple.o
        20          0          0          0          0         68   cfcmple.o
        20          0          0          0          0         68   cfrcmple.o
        56          0          0          0          0         88   d2f.o
       334          0          0          0          0        148   dadd.o
       222          0          0          0          0        100   ddiv.o
       186          0          0          0          0        176   depilogue.o
        62          0          0          0          0         80   dfixi.o
        50          0          0          0          0         76   dfixui.o
        34          0          0          0          0         76   dflti.o
        26          0          0          0          0         76   dfltui.o
       228          0          0          0          0         96   dmul.o
        46          0          0          0          0         80   dscalb.o
        38          0          0          0          0         68   f2d.o
       176          0          0          0          0        140   fadd.o
       124          0          0          0          0         88   fdiv.o
       110          0          0          0          0        168   fepilogue.o
        50          0          0          0          0         68   ffixi.o
        40          0          0          0          0         68   ffixui.o
        18          0          0          0          0         68   fflti.o
       100          0          0          0          0         76   fmul.o
        24          0          0          0          0         68   fscalb.o
        94          0          0          0          0         96   fsqrt.o

    ----------------------------------------------------------------------
      6290        378        448          4          0       4412   Library Totals
        12          0          0          0          0          0   (incl. Padding)

    ----------------------------------------------------------------------

      Code (inc. data)   RO Data    RW Data    ZI Data      Debug   Library Name

      3890        356        448          0          0       1964   m_ws.l
       282         22          0          4          0        340   mc_w.l
      2106          0          0          0          0       2108   mf_w.l

    ----------------------------------------------------------------------
      6290        378        448          4          0       4412   Library Totals

    ----------------------------------------------------------------------

==============================================================================


      Code (inc. data)   RO Data    RW Data    ZI Data      Debug   

     37312       2906       3528        908      13228     735276   Grand Totals
     37312       2906       3528        328      13228     735276   ELF Image Totals (compressed)
     37312       2906       3528        328          0          0   ROM Totals

==============================================================================

    Total RO  Size (Code + RO Data)                40840 (  39.88kB)
    Total RW  Size (RW Data + ZI Data)             14136 (  13.80kB)
    Total ROM Size (Code + RO Data + RW Data)      41168 (  40.20kB)

==============================================================================

